Archive member included to satisfy reference by file (symbol)

/opt/st/stm32cubeide_1.8.0/plugins/com.st.stm32cube.ide.mcu.externaltools.gnu-tools-for-stm32.9-2020-q2-update.linux64_2.0.0.202105311346/tools/bin/../lib/gcc/arm-none-eabi/9.3.1/../../../../arm-none-eabi/lib/thumb/v6-m/nofp/libc_nano.a(lib_a-errno.o)
                              ./Core/Src/syscalls.o (__errno)
/opt/st/stm32cubeide_1.8.0/plugins/com.st.stm32cube.ide.mcu.externaltools.gnu-tools-for-stm32.9-2020-q2-update.linux64_2.0.0.202105311346/tools/bin/../lib/gcc/arm-none-eabi/9.3.1/../../../../arm-none-eabi/lib/thumb/v6-m/nofp/libc_nano.a(lib_a-exit.o)
                              /opt/st/stm32cubeide_1.8.0/plugins/com.st.stm32cube.ide.mcu.externaltools.gnu-tools-for-stm32.9-2020-q2-update.linux64_2.0.0.202105311346/tools/bin/../lib/gcc/arm-none-eabi/9.3.1/../../../../arm-none-eabi/lib/thumb/v6-m/nofp/crt0.o (exit)
/opt/st/stm32cubeide_1.8.0/plugins/com.st.stm32cube.ide.mcu.externaltools.gnu-tools-for-stm32.9-2020-q2-update.linux64_2.0.0.202105311346/tools/bin/../lib/gcc/arm-none-eabi/9.3.1/../../../../arm-none-eabi/lib/thumb/v6-m/nofp/libc_nano.a(lib_a-impure.o)
                              /opt/st/stm32cubeide_1.8.0/plugins/com.st.stm32cube.ide.mcu.externaltools.gnu-tools-for-stm32.9-2020-q2-update.linux64_2.0.0.202105311346/tools/bin/../lib/gcc/arm-none-eabi/9.3.1/../../../../arm-none-eabi/lib/thumb/v6-m/nofp/libc_nano.a(lib_a-exit.o) (_global_impure_ptr)
/opt/st/stm32cubeide_1.8.0/plugins/com.st.stm32cube.ide.mcu.externaltools.gnu-tools-for-stm32.9-2020-q2-update.linux64_2.0.0.202105311346/tools/bin/../lib/gcc/arm-none-eabi/9.3.1/../../../../arm-none-eabi/lib/thumb/v6-m/nofp/libc_nano.a(lib_a-init.o)
                              /opt/st/stm32cubeide_1.8.0/plugins/com.st.stm32cube.ide.mcu.externaltools.gnu-tools-for-stm32.9-2020-q2-update.linux64_2.0.0.202105311346/tools/bin/../lib/gcc/arm-none-eabi/9.3.1/../../../../arm-none-eabi/lib/thumb/v6-m/nofp/crt0.o (__libc_init_array)
/opt/st/stm32cubeide_1.8.0/plugins/com.st.stm32cube.ide.mcu.externaltools.gnu-tools-for-stm32.9-2020-q2-update.linux64_2.0.0.202105311346/tools/bin/../lib/gcc/arm-none-eabi/9.3.1/../../../../arm-none-eabi/lib/thumb/v6-m/nofp/libc_nano.a(lib_a-memset.o)
                              /opt/st/stm32cubeide_1.8.0/plugins/com.st.stm32cube.ide.mcu.externaltools.gnu-tools-for-stm32.9-2020-q2-update.linux64_2.0.0.202105311346/tools/bin/../lib/gcc/arm-none-eabi/9.3.1/../../../../arm-none-eabi/lib/thumb/v6-m/nofp/crt0.o (memset)
/opt/st/stm32cubeide_1.8.0/plugins/com.st.stm32cube.ide.mcu.externaltools.gnu-tools-for-stm32.9-2020-q2-update.linux64_2.0.0.202105311346/tools/bin/../lib/gcc/arm-none-eabi/9.3.1/thumb/v6-m/nofp/libgcc.a(_udivsi3.o)
                              ./Core/Src/system_stm32f0xx.o (__aeabi_uidiv)
/opt/st/stm32cubeide_1.8.0/plugins/com.st.stm32cube.ide.mcu.externaltools.gnu-tools-for-stm32.9-2020-q2-update.linux64_2.0.0.202105311346/tools/bin/../lib/gcc/arm-none-eabi/9.3.1/thumb/v6-m/nofp/libgcc.a(_dvmd_tls.o)
                              /opt/st/stm32cubeide_1.8.0/plugins/com.st.stm32cube.ide.mcu.externaltools.gnu-tools-for-stm32.9-2020-q2-update.linux64_2.0.0.202105311346/tools/bin/../lib/gcc/arm-none-eabi/9.3.1/thumb/v6-m/nofp/libgcc.a(_udivsi3.o) (__aeabi_idiv0)
/opt/st/stm32cubeide_1.8.0/plugins/com.st.stm32cube.ide.mcu.externaltools.gnu-tools-for-stm32.9-2020-q2-update.linux64_2.0.0.202105311346/tools/bin/../lib/gcc/arm-none-eabi/9.3.1/thumb/v6-m/nofp/libgcc.a(_arm_cmpdf2.o)
                              ./Core/Src/main.o (__aeabi_dcmplt)
/opt/st/stm32cubeide_1.8.0/plugins/com.st.stm32cube.ide.mcu.externaltools.gnu-tools-for-stm32.9-2020-q2-update.linux64_2.0.0.202105311346/tools/bin/../lib/gcc/arm-none-eabi/9.3.1/thumb/v6-m/nofp/libgcc.a(_arm_cmpsf2.o)
                              ./Core/Src/main.o (__aeabi_fcmplt)
/opt/st/stm32cubeide_1.8.0/plugins/com.st.stm32cube.ide.mcu.externaltools.gnu-tools-for-stm32.9-2020-q2-update.linux64_2.0.0.202105311346/tools/bin/../lib/gcc/arm-none-eabi/9.3.1/thumb/v6-m/nofp/libgcc.a(eqsf2.o)
                              /opt/st/stm32cubeide_1.8.0/plugins/com.st.stm32cube.ide.mcu.externaltools.gnu-tools-for-stm32.9-2020-q2-update.linux64_2.0.0.202105311346/tools/bin/../lib/gcc/arm-none-eabi/9.3.1/thumb/v6-m/nofp/libgcc.a(_arm_cmpsf2.o) (__eqsf2)
/opt/st/stm32cubeide_1.8.0/plugins/com.st.stm32cube.ide.mcu.externaltools.gnu-tools-for-stm32.9-2020-q2-update.linux64_2.0.0.202105311346/tools/bin/../lib/gcc/arm-none-eabi/9.3.1/thumb/v6-m/nofp/libgcc.a(gesf2.o)
                              /opt/st/stm32cubeide_1.8.0/plugins/com.st.stm32cube.ide.mcu.externaltools.gnu-tools-for-stm32.9-2020-q2-update.linux64_2.0.0.202105311346/tools/bin/../lib/gcc/arm-none-eabi/9.3.1/thumb/v6-m/nofp/libgcc.a(_arm_cmpsf2.o) (__gesf2)
[...]
Memory Configuration

Name             Origin             Length             Attributes
RAM              0x0000000020000000 0x0000000000002000 xrw
FLASH            0x0000000008000000 0x0000000000010000 xr
*default*        0x0000000000000000 0xffffffffffffffff

Linker script and memory map

LOAD /opt/st/stm32cubeide_1.8.0/plugins/com.st.stm32cube.ide.mcu.externaltools.gnu-tools-for-stm32.9-2020-q2-update.linux64_2.0.0.202105311346/tools/bin/../lib/gcc/arm-none-eabi/9.3.1/thumb/v6-m/nofp/crti.o
LOAD /opt/st/stm32cubeide_1.8.0/plugins/com.st.stm32cube.ide.mcu.externaltools.gnu-tools-for-stm32.9-2020-q2-update.linux64_2.0.0.202105311346/tools/bin/../lib/gcc/arm-none-eabi/9.3.1/thumb/v6-m/nofp/crtbegin.o
LOAD /opt/st/stm32cubeide_1.8.0/plugins/com.st.stm32cube.ide.mcu.externaltools.gnu-tools-for-stm32.9-2020-q2-update.linux64_2.0.0.202105311346/tools/bin/../lib/gcc/arm-none-eabi/9.3.1/../../../../arm-none-eabi/lib/thumb/v6-m/nofp/crt0.o
LOAD ./Core/Src/adc.o
LOAD ./Core/Src/dma.o
LOAD ./Core/Src/gpio.o
LOAD ./Core/Src/main.o
LOAD ./Core/Src/stm32f0xx_it.o
LOAD ./Core/Src/syscalls.o
LOAD ./Core/Src/sysmem.o
LOAD ./Core/Src/system_stm32f0xx.o
LOAD ./Core/Src/tim.o
LOAD ./Core/Src/usart.o
LOAD ./Core/Startup/startup_stm32f030c8tx.o
LOAD ./Drivers/STM32F0xx_HAL_Driver/Src/stm32f0xx_ll_adc.o
LOAD ./Drivers/STM32F0xx_HAL_Driver/Src/stm32f0xx_ll_dma.o
LOAD ./Drivers/STM32F0xx_HAL_Driver/Src/stm32f0xx_ll_exti.o
LOAD ./Drivers/STM32F0xx_HAL_Driver/Src/stm32f0xx_ll_gpio.o
LOAD ./Drivers/STM32F0xx_HAL_Driver/Src/stm32f0xx_ll_pwr.o
LOAD ./Drivers/STM32F0xx_HAL_Driver/Src/stm32f0xx_ll_rcc.o
LOAD ./Drivers/STM32F0xx_HAL_Driver/Src/stm32f0xx_ll_tim.o
LOAD ./Drivers/STM32F0xx_HAL_Driver/Src/stm32f0xx_ll_usart.o
LOAD ./Drivers/STM32F0xx_HAL_Driver/Src/stm32f0xx_ll_utils.o
START GROUP
LOAD /opt/st/stm32cubeide_1.8.0/plugins/com.st.stm32cube.ide.mcu.externaltools.gnu-tools-for-stm32.9-2020-q2-update.linux64_2.0.0.202105311346/tools/bin/../lib/gcc/arm-none-eabi/9.3.1/../../../../arm-none-eabi/lib/thumb/v6-m/nofp/libc_nano.a
LOAD /opt/st/stm32cubeide_1.8.0/plugins/com.st.stm32cube.ide.mcu.externaltools.gnu-tools-for-stm32.9-2020-q2-update.linux64_2.0.0.202105311346/tools/bin/../lib/gcc/arm-none-eabi/9.3.1/../../../../arm-none-eabi/lib/thumb/v6-m/nofp/libm.a
END GROUP
START GROUP
LOAD /opt/st/stm32cubeide_1.8.0/plugins/com.st.stm32cube.ide.mcu.externaltools.gnu-tools-for-stm32.9-2020-q2-update.linux64_2.0.0.202105311346/tools/bin/../lib/gcc/arm-none-eabi/9.3.1/thumb/v6-m/nofp/libgcc.a
LOAD /opt/st/stm32cubeide_1.8.0/plugins/com.st.stm32cube.ide.mcu.externaltools.gnu-tools-for-stm32.9-2020-q2-update.linux64_2.0.0.202105311346/tools/bin/../lib/gcc/arm-none-eabi/9.3.1/../../../../arm-none-eabi/lib/thumb/v6-m/nofp/libc_nano.a
END GROUP
START GROUP
LOAD /opt/st/stm32cubeide_1.8.0/plugins/com.st.stm32cube.ide.mcu.externaltools.gnu-tools-for-stm32.9-2020-q2-update.linux64_2.0.0.202105311346/tools/bin/../lib/gcc/arm-none-eabi/9.3.1/thumb/v6-m/nofp/libgcc.a
LOAD /opt/st/stm32cubeide_1.8.0/plugins/com.st.stm32cube.ide.mcu.externaltools.gnu-tools-for-stm32.9-2020-q2-update.linux64_2.0.0.202105311346/tools/bin/../lib/gcc/arm-none-eabi/9.3.1/../../../../arm-none-eabi/lib/thumb/v6-m/nofp/libc_nano.a
LOAD /opt/st/stm32cubeide_1.8.0/plugins/com.st.stm32cube.ide.mcu.externaltools.gnu-tools-for-stm32.9-2020-q2-update.linux64_2.0.0.202105311346/tools/bin/../lib/gcc/arm-none-eabi/9.3.1/../../../../arm-none-eabi/lib/thumb/v6-m/nofp/libnosys.a
END GROUP
START GROUP
LOAD /opt/st/stm32cubeide_1.8.0/plugins/com.st.stm32cube.ide.mcu.externaltools.gnu-tools-for-stm32.9-2020-q2-update.linux64_2.0.0.202105311346/tools/bin/../lib/gcc/arm-none-eabi/9.3.1/thumb/v6-m/nofp/libgcc.a
LOAD /opt/st/stm32cubeide_1.8.0/plugins/com.st.stm32cube.ide.mcu.externaltools.gnu-tools-for-stm32.9-2020-q2-update.linux64_2.0.0.202105311346/tools/bin/../lib/gcc/arm-none-eabi/9.3.1/../../../../arm-none-eabi/lib/thumb/v6-m/nofp/libc_nano.a
LOAD /opt/st/stm32cubeide_1.8.0/plugins/com.st.stm32cube.ide.mcu.externaltools.gnu-tools-for-stm32.9-2020-q2-update.linux64_2.0.0.202105311346/tools/bin/../lib/gcc/arm-none-eabi/9.3.1/../../../../arm-none-eabi/lib/thumb/v6-m/nofp/libnosys.a
END GROUP
LOAD /opt/st/stm32cubeide_1.8.0/plugins/com.st.stm32cube.ide.mcu.externaltools.gnu-tools-for-stm32.9-2020-q2-update.linux64_2.0.0.202105311346/tools/bin/../lib/gcc/arm-none-eabi/9.3.1/thumb/v6-m/nofp/crtend.o
LOAD /opt/st/stm32cubeide_1.8.0/plugins/com.st.stm32cube.ide.mcu.externaltools.gnu-tools-for-stm32.9-2020-q2-update.linux64_2.0.0.202105311346/tools/bin/../lib/gcc/arm-none-eabi/9.3.1/thumb/v6-m/nofp/crtn.o
                0x0000000020002000                _estack = (ORIGIN (RAM) + LENGTH (RAM))
                0x0000000000000200                _Min_Heap_Size = 0x200
                0x0000000000000400                _Min_Stack_Size = 0x400

.isr_vector     0x0000000008000000       0xc0
                0x0000000008000000                . = ALIGN (0x4)
 *(.isr_vector)
 .isr_vector    0x0000000008000000       0xc0 ./Core/Startup/startup_stm32f030c8tx.o
                0x0000000008000000                g_pfnVectors
                0x00000000080000c0                . = ALIGN (0x4)

.text           0x00000000080000c0     0x3940
                0x00000000080000c0                . = ALIGN (0x4)
 *(.text)
 .text          0x00000000080000c0       0x48 /opt/st/stm32cubeide_1.8.0/plugins/com.st.stm32cube.ide.mcu.externaltools.gnu-tools-for-stm32.9-2020-q2-update.linux64_2.0.0.202105311346/tools/bin/../lib/gcc/arm-none-eabi/9.3.1/thumb/v6-m/nofp/crtbegin.o
 .text          0x0000000008000108      0x114 /opt/st/stm32cubeide_1.8.0/plugins/com.st.stm32cube.ide.mcu.externaltools.gnu-tools-for-stm32.9-2020-q2-update.linux64_2.0.0.202105311346/tools/bin/../lib/gcc/arm-none-eabi/9.3.1/thumb/v6-m/nofp/libgcc.a(_udivsi3.o)
                0x0000000008000108                __udivsi3
                0x0000000008000108                __aeabi_uidiv
                0x0000000008000214                __aeabi_uidivmod
 .text          0x000000000800021c        0x4 /opt/st/stm32cubeide_1.8.0/plugins/com.st.stm32cube.ide.mcu.externaltools.gnu-tools-for-stm32.9-2020-q2-update.linux64_2.0.0.202105311346/tools/bin/../lib/gcc/arm-none-eabi/9.3.1/thumb/v6-m/nofp/libgcc.a(_dvmd_tls.o)
                0x000000000800021c                __aeabi_ldiv0
                0x000000000800021c                __aeabi_idiv0
 .text          0x0000000008000220       0x7c /opt/st/stm32cubeide_1.8.0/plugins/com.st.stm32cube.ide.mcu.externaltools.gnu-tools-for-stm32.9-2020-q2-update.linux64_2.0.0.202105311346/tools/bin/../lib/gcc/arm-none-eabi/9.3.1/thumb/v6-m/nofp/libgcc.a(_arm_cmpdf2.o)
                0x0000000008000220                __aeabi_cdrcmple
                0x0000000008000230                __aeabi_cdcmple
                0x0000000008000230                __aeabi_cdcmpeq
                0x0000000008000240                __aeabi_dcmpeq
                0x000000000800024c                __aeabi_dcmplt
                0x0000000008000260                __aeabi_dcmple
                0x0000000008000274                __aeabi_dcmpgt
                0x0000000008000288                __aeabi_dcmpge
 .text          0x000000000800029c       0x74 /opt/st/stm32cubeide_1.8.0/plugins/com.st.stm32cube.ide.mcu.externaltools.gnu-tools-for-stm32.9-2020-q2-update.linux64_2.0.0.202105311346/tools/bin/../lib/gcc/arm-none-eabi/9.3.1/thumb/v6-m/nofp/libgcc.a(_arm_cmpsf2.o)
                0x000000000800029c                __aeabi_cfrcmple
                0x00000000080002a4                __aeabi_cfcmple
                0x00000000080002a4                __aeabi_cfcmpeq
                0x00000000080002b4                __aeabi_fcmpeq
                0x00000000080002c0                __aeabi_fcmplt
                0x00000000080002d4                __aeabi_fcmple
                0x00000000080002e8                __aeabi_fcmpgt
                0x00000000080002fc                __aeabi_fcmpge
 .text          0x0000000008000310       0x50 /opt/st/stm32cubeide_1.8.0/plugins/com.st.stm32cube.ide.mcu.externaltools.gnu-tools-for-stm32.9-2020-q2-update.linux64_2.0.0.202105311346/tools/bin/../lib/gcc/arm-none-eabi/9.3.1/thumb/v6-m/nofp/libgcc.a(eqsf2.o)
                0x0000000008000310                __nesf2
                0x0000000008000310                __eqsf2
 .text          0x0000000008000360       0x98 /opt/st/stm32cubeide_1.8.0/plugins/com.st.stm32cube.ide.mcu.externaltools.gnu-tools-for-stm32.9-2020-q2-update.linux64_2.0.0.202105311346/tools/bin/../lib/gcc/arm-none-eabi/9.3.1/thumb/v6-m/nofp/libgcc.a(gesf2.o)
                0x0000000008000360                __gtsf2
                0x0000000008000360                __gesf2
 .text          0x00000000080003f8       0x94 /opt/st/stm32cubeide_1.8.0/plugins/com.st.stm32cube.ide.mcu.externaltools.gnu-tools-for-stm32.9-2020-q2-update.linux64_2.0.0.202105311346/tools/bin/../lib/gcc/arm-none-eabi/9.3.1/thumb/v6-m/nofp/libgcc.a(lesf2.o)
                0x00000000080003f8                __lesf2
                0x00000000080003f8                __ltsf2
 .text          0x000000000800048c      0x234 /opt/st/stm32cubeide_1.8.0/plugins/com.st.stm32cube.ide.mcu.externaltools.gnu-tools-for-stm32.9-2020-q2-update.linux64_2.0.0.202105311346/tools/bin/../lib/gcc/arm-none-eabi/9.3.1/thumb/v6-m/nofp/libgcc.a(mulsf3.o)
                0x000000000800048c                __aeabi_fmul
 .text          0x00000000080006c0       0x8c /opt/st/stm32cubeide_1.8.0/plugins/com.st.stm32cube.ide.mcu.externaltools.gnu-tools-for-stm32.9-2020-q2-update.linux64_2.0.0.202105311346/tools/bin/../lib/gcc/arm-none-eabi/9.3.1/thumb/v6-m/nofp/libgcc.a(floatsisf.o)
                0x00000000080006c0                __aeabi_i2f
 .text          0x000000000800074c       0x78 /opt/st/stm32cubeide_1.8.0/plugins/com.st.stm32cube.ide.mcu.externaltools.gnu-tools-for-stm32.9-2020-q2-update.linux64_2.0.0.202105311346/tools/bin/../lib/gcc/arm-none-eabi/9.3.1/thumb/v6-m/nofp/libgcc.a(eqdf2.o)
                0x000000000800074c                __eqdf2
                0x000000000800074c                __nedf2
 .text          0x00000000080007c4       0xe4 /opt/st/stm32cubeide_1.8.0/plugins/com.st.stm32cube.ide.mcu.externaltools.gnu-tools-for-stm32.9-2020-q2-update.linux64_2.0.0.202105311346/tools/bin/../lib/gcc/arm-none-eabi/9.3.1/thumb/v6-m/nofp/libgcc.a(gedf2.o)
                0x00000000080007c4                __gtdf2
                0x00000000080007c4                __gedf2
 .text          0x00000000080008a8       0xe0 /opt/st/stm32cubeide_1.8.0/plugins/com.st.stm32cube.ide.mcu.externaltools.gnu-tools-for-stm32.9-2020-q2-update.linux64_2.0.0.202105311346/tools/bin/../lib/gcc/arm-none-eabi/9.3.1/thumb/v6-m/nofp/libgcc.a(ledf2.o)
                0x00000000080008a8                __ltdf2
                0x00000000080008a8                __ledf2
 .text          0x0000000008000988       0x90 /opt/st/stm32cubeide_1.8.0/plugins/com.st.stm32cube.ide.mcu.externaltools.gnu-tools-for-stm32.9-2020-q2-update.linux64_2.0.0.202105311346/tools/bin/../lib/gcc/arm-none-eabi/9.3.1/thumb/v6-m/nofp/libgcc.a(extendsfdf2.o)
                0x0000000008000988                __aeabi_f2d
 .text          0x0000000008000a18       0x3c /opt/st/stm32cubeide_1.8.0/plugins/com.st.stm32cube.ide.mcu.externaltools.gnu-tools-for-stm32.9-2020-q2-update.linux64_2.0.0.202105311346/tools/bin/../lib/gcc/arm-none-eabi/9.3.1/thumb/v6-m/nofp/libgcc.a(_clzsi2.o)
                0x0000000008000a18                __clzsi2
 *(.text*)
 .text.__NVIC_EnableIRQ
                0x0000000008000a54       0x34 ./Core/Src/adc.o
 .text.__NVIC_SetPriority
                0x0000000008000a88       0xdc ./Core/Src/adc.o
 .text.LL_ADC_SetSamplingTimeCommonChannels
                0x0000000008000b64       0x24 ./Core/Src/adc.o
 .text.LL_ADC_REG_SetSequencerScanDirection
                0x0000000008000b88       0x24 ./Core/Src/adc.o
 .text.LL_ADC_REG_SetSequencerChAdd
                0x0000000008000bac       0x22 ./Core/Src/adc.o
 *fill*         0x0000000008000bce        0x2 
 .text.LL_AHB1_GRP1_EnableClock
                0x0000000008000bd0       0x2c ./Core/Src/adc.o
 .text.LL_APB1_GRP2_EnableClock
                0x0000000008000bfc       0x2c ./Core/Src/adc.o
 .text.MX_ADC_Init
                0x0000000008000c28      0x158 ./Core/Src/adc.o
                0x0000000008000c28                MX_ADC_Init
 .text.__NVIC_EnableIRQ
                0x0000000008000d80       0x34 ./Core/Src/dma.o
 .text.__NVIC_SetPriority
                0x0000000008000db4       0xdc ./Core/Src/dma.o
 .text.LL_AHB1_GRP1_EnableClock
                0x0000000008000e90       0x2c ./Core/Src/dma.o
 .text.MX_DMA_Init
                0x0000000008000ebc       0x1e ./Core/Src/dma.o
                0x0000000008000ebc                MX_DMA_Init
 *fill*         0x0000000008000eda        0x2 
 .text.LL_AHB1_GRP1_EnableClock
                0x0000000008000edc       0x2c ./Core/Src/gpio.o
 .text.LL_SYSCFG_SetEXTISource
                0x0000000008000f08       0x4c ./Core/Src/gpio.o
 .text.LL_GPIO_SetPinMode
                0x0000000008000f54       0x38 ./Core/Src/gpio.o
 .text.LL_GPIO_SetPinPull
                0x0000000008000f8c       0x38 ./Core/Src/gpio.o
 .text.LL_GPIO_ResetOutputPin
                0x0000000008000fc4       0x18 ./Core/Src/gpio.o
 .text.MX_GPIO_Init
                0x0000000008000fdc      0x470 ./Core/Src/gpio.o
                0x0000000008000fdc                MX_GPIO_Init
 .text.LL_ADC_DMA_GetRegAddr
                0x000000000800144c       0x16 ./Core/Src/main.o
 *fill*         0x0000000008001462        0x2 
 .text.LL_ADC_Enable
                0x0000000008001464       0x24 ./Core/Src/main.o
 .text.LL_ADC_StartCalibration
                0x0000000008001488       0x28 ./Core/Src/main.o
 .text.LL_ADC_IsCalibrationOnGoing
                0x00000000080014b0       0x26 ./Core/Src/main.o
 *fill*         0x00000000080014d6        0x2 
 .text.LL_ADC_REG_StartConversion
                0x00000000080014d8       0x24 ./Core/Src/main.o
 .text.LL_RCC_HSI_Enable
                0x00000000080014fc       0x1c ./Core/Src/main.o
 .text.LL_RCC_HSI_IsReady
                0x0000000008001518       0x20 ./Core/Src/main.o
 .text.LL_RCC_HSI_SetCalibTrimming
                0x0000000008001538       0x28 ./Core/Src/main.o
 .text.LL_RCC_HSI14_Enable
                0x0000000008001560       0x1c ./Core/Src/main.o
 .text.LL_RCC_HSI14_IsReady
                0x000000000800157c       0x20 ./Core/Src/main.o
 .text.LL_RCC_HSI14_EnableADCControl
                0x000000000800159c       0x1c ./Core/Src/main.o
 .text.LL_RCC_HSI14_SetCalibTrimming
                0x00000000080015b8       0x28 ./Core/Src/main.o
 .text.LL_RCC_SetSysClkSource
                0x00000000080015e0       0x28 ./Core/Src/main.o
 .text.LL_RCC_GetSysClkSource
                0x0000000008001608       0x18 ./Core/Src/main.o
 .text.LL_RCC_SetAHBPrescaler
                0x0000000008001620       0x28 ./Core/Src/main.o
 .text.LL_RCC_SetAPB1Prescaler
                0x0000000008001648       0x2c ./Core/Src/main.o
 .text.LL_RCC_SetUSARTClockSource
                0x0000000008001674       0x34 ./Core/Src/main.o
 .text.LL_RCC_PLL_Enable
                0x00000000080016a8       0x1c ./Core/Src/main.o
 .text.LL_RCC_PLL_IsReady
                0x00000000080016c4       0x28 ./Core/Src/main.o
 .text.LL_RCC_PLL_ConfigDomain_SYS
                0x00000000080016ec       0x4c ./Core/Src/main.o
 .text.LL_APB1_GRP1_EnableClock
                0x0000000008001738       0x2c ./Core/Src/main.o
 .text.LL_APB1_GRP2_EnableClock
                0x0000000008001764       0x2c ./Core/Src/main.o
 .text.LL_FLASH_SetLatency
                0x0000000008001790       0x28 ./Core/Src/main.o
 .text.LL_FLASH_GetLatency
                0x00000000080017b8       0x18 ./Core/Src/main.o
 .text.LL_DMA_EnableChannel
                0x00000000080017d0       0x3c ./Core/Src/main.o
 .text.LL_DMA_SetDataLength
                0x000000000800180c       0x40 ./Core/Src/main.o
 .text.LL_DMA_SetMemoryAddress
                0x000000000800184c       0x2c ./Core/Src/main.o
 .text.LL_DMA_SetPeriphAddress
                0x0000000008001878       0x2c ./Core/Src/main.o
 .text.LL_DMA_EnableIT_TC
                0x00000000080018a4       0x3c ./Core/Src/main.o
 .text.LL_TIM_EnableCounter
                0x00000000080018e0       0x1c ./Core/Src/main.o
 .text.LL_TIM_EnableIT_UPDATE
                0x00000000080018fc       0x1c ./Core/Src/main.o
 .text.LL_GPIO_ReadInputPort
                0x0000000008001918       0x14 ./Core/Src/main.o
 .text.LL_GPIO_SetOutputPin
                0x000000000800192c       0x18 ./Core/Src/main.o
 .text.LL_GPIO_ResetOutputPin
                0x0000000008001944       0x18 ./Core/Src/main.o
 .text.LL_GPIO_TogglePin
                0x000000000800195c       0x2e ./Core/Src/main.o
 *fill*         0x000000000800198a        0x2 
 .text.main     0x000000000800198c      0x474 ./Core/Src/main.o
                0x000000000800198c                main
 .text.SystemClock_Config
                0x0000000008001e00       0xa0 ./Core/Src/main.o
                0x0000000008001e00                SystemClock_Config
 .text.cal_min  0x0000000008001ea0       0x4c ./Core/Src/main.o
                0x0000000008001ea0                cal_min
 .text.check_err
                0x0000000008001eec      0x5bc ./Core/Src/main.o
                0x0000000008001eec                check_err
 .text.adc_init
                0x00000000080024a8       0x94 ./Core/Src/main.o
                0x00000000080024a8                adc_init
 .text.leds_test
                0x000000000800253c      0x17c ./Core/Src/main.o
                0x000000000800253c                leds_test
 .text.LL_DMA_IsActiveFlag_TC1
                0x00000000080026b8       0x20 ./Core/Src/stm32f0xx_it.o
 .text.LL_DMA_ClearFlag_TC1
                0x00000000080026d8       0x16 ./Core/Src/stm32f0xx_it.o
 .text.LL_TIM_ClearFlag_UPDATE
                0x00000000080026ee       0x18 ./Core/Src/stm32f0xx_it.o
 .text.LL_TIM_IsActiveFlag_UPDATE
                0x0000000008002706       0x22 ./Core/Src/stm32f0xx_it.o
 .text.NMI_Handler
                0x0000000008002728        0x6 ./Core/Src/stm32f0xx_it.o
                0x0000000008002728                NMI_Handler
 .text.HardFault_Handler
                0x000000000800272e        0x6 ./Core/Src/stm32f0xx_it.o
                0x000000000800272e                HardFault_Handler
 .text.SVC_Handler
                0x0000000008002734        0xa ./Core/Src/stm32f0xx_it.o
                0x0000000008002734                SVC_Handler
 .text.PendSV_Handler
                0x000000000800273e        0xa ./Core/Src/stm32f0xx_it.o
                0x000000000800273e                PendSV_Handler
 .text.SysTick_Handler
                0x0000000008002748        0xa ./Core/Src/stm32f0xx_it.o
                0x0000000008002748                SysTick_Handler
 *fill*         0x0000000008002752        0x2 
 .text.DMA1_Channel1_IRQHandler
                0x0000000008002754       0x64 ./Core/Src/stm32f0xx_it.o
                0x0000000008002754                DMA1_Channel1_IRQHandler
 .text.TIM3_IRQHandler
                0x00000000080027b8       0x7c ./Core/Src/stm32f0xx_it.o
                0x00000000080027b8                TIM3_IRQHandler
 .text.USART1_IRQHandler
                0x0000000008002834        0xa ./Core/Src/stm32f0xx_it.o
                0x0000000008002834                USART1_IRQHandler
 .text.SystemInit
                0x000000000800283e        0xa ./Core/Src/system_stm32f0xx.o
                0x000000000800283e                SystemInit
 .text.__NVIC_EnableIRQ
                0x0000000008002848       0x34 ./Core/Src/tim.o
 .text.__NVIC_SetPriority
                0x000000000800287c       0xdc ./Core/Src/tim.o
 .text.LL_APB1_GRP1_EnableClock
                0x0000000008002958       0x2c ./Core/Src/tim.o
 .text.LL_TIM_DisableARRPreload
                0x0000000008002984       0x1e ./Core/Src/tim.o
 *fill*         0x00000000080029a2        0x2 
 .text.LL_TIM_SetClockSource
                0x00000000080029a4       0x28 ./Core/Src/tim.o
 .text.LL_TIM_SetTriggerOutput
                0x00000000080029cc       0x24 ./Core/Src/tim.o
 .text.LL_TIM_DisableMasterSlaveMode
                0x00000000080029f0       0x1e ./Core/Src/tim.o
 *fill*         0x0000000008002a0e        0x2 
 .text.MX_TIM3_Init
                0x0000000008002a10       0x80 ./Core/Src/tim.o
                0x0000000008002a10                MX_TIM3_Init
 .text.__NVIC_EnableIRQ
                0x0000000008002a90       0x34 ./Core/Src/usart.o
 .text.__NVIC_SetPriority
                0x0000000008002ac4       0xdc ./Core/Src/usart.o
 .text.LL_AHB1_GRP1_EnableClock
                0x0000000008002ba0       0x2c ./Core/Src/usart.o
 .text.LL_APB1_GRP2_EnableClock
                0x0000000008002bcc       0x2c ./Core/Src/usart.o
 .text.LL_USART_Enable
                0x0000000008002bf8       0x1c ./Core/Src/usart.o
 .text.LL_USART_ConfigAsyncMode
                0x0000000008002c14       0x30 ./Core/Src/usart.o
 .text.LL_USART_DisableIT_CTS
                0x0000000008002c44       0x20 ./Core/Src/usart.o
 .text.MX_USART1_UART_Init
                0x0000000008002c64      0x10c ./Core/Src/usart.o
                0x0000000008002c64                MX_USART1_UART_Init
 .text.Reset_Handler
                0x0000000008002d70       0x50 ./Core/Startup/startup_stm32f030c8tx.o
                0x0000000008002d70                Reset_Handler
 .text.Default_Handler
                0x0000000008002dc0        0x2 ./Core/Startup/startup_stm32f030c8tx.o
                0x0000000008002dc0                TIM1_CC_IRQHandler
                0x0000000008002dc0                TIM6_IRQHandler
                0x0000000008002dc0                I2C1_IRQHandler
                0x0000000008002dc0                SPI1_IRQHandler
                0x0000000008002dc0                EXTI2_3_IRQHandler
                0x0000000008002dc0                ADC1_IRQHandler
                0x0000000008002dc0                I2C2_IRQHandler
                0x0000000008002dc0                TIM17_IRQHandler
                0x0000000008002dc0                RTC_IRQHandler
                0x0000000008002dc0                TIM16_IRQHandler
                0x0000000008002dc0                EXTI4_15_IRQHandler
                0x0000000008002dc0                RCC_IRQHandler
                0x0000000008002dc0                Default_Handler
                0x0000000008002dc0                TIM14_IRQHandler
                0x0000000008002dc0                DMA1_Channel4_5_IRQHandler
                0x0000000008002dc0                TIM15_IRQHandler
                0x0000000008002dc0                EXTI0_1_IRQHandler
                0x0000000008002dc0                SPI2_IRQHandler
                0x0000000008002dc0                WWDG_IRQHandler
                0x0000000008002dc0                DMA1_Channel2_3_IRQHandler
                0x0000000008002dc0                USART2_IRQHandler
                0x0000000008002dc0                FLASH_IRQHandler
                0x0000000008002dc0                TIM1_BRK_UP_TRG_COM_IRQHandler
 .text.LL_ADC_IsEnabled
                0x0000000008002dc2       0x20 ./Drivers/STM32F0xx_HAL_Driver/Src/stm32f0xx_ll_adc.o
 *fill*         0x0000000008002de2        0x2 
 .text.LL_ADC_Init
                0x0000000008002de4       0x6c ./Drivers/STM32F0xx_HAL_Driver/Src/stm32f0xx_ll_adc.o
                0x0000000008002de4                LL_ADC_Init
 .text.LL_ADC_REG_Init
                0x0000000008002e50       0x64 ./Drivers/STM32F0xx_HAL_Driver/Src/stm32f0xx_ll_adc.o
                0x0000000008002e50                LL_ADC_REG_Init
 .text.LL_EXTI_EnableIT_0_31
                0x0000000008002eb4       0x20 ./Drivers/STM32F0xx_HAL_Driver/Src/stm32f0xx_ll_exti.o
 .text.LL_EXTI_DisableIT_0_31
                0x0000000008002ed4       0x24 ./Drivers/STM32F0xx_HAL_Driver/Src/stm32f0xx_ll_exti.o
 .text.LL_EXTI_EnableEvent_0_31
                0x0000000008002ef8       0x20 ./Drivers/STM32F0xx_HAL_Driver/Src/stm32f0xx_ll_exti.o
 .text.LL_EXTI_DisableEvent_0_31
                0x0000000008002f18       0x24 ./Drivers/STM32F0xx_HAL_Driver/Src/stm32f0xx_ll_exti.o
 .text.LL_EXTI_EnableRisingTrig_0_31
                0x0000000008002f3c       0x20 ./Drivers/STM32F0xx_HAL_Driver/Src/stm32f0xx_ll_exti.o
 .text.LL_EXTI_DisableRisingTrig_0_31
                0x0000000008002f5c       0x24 ./Drivers/STM32F0xx_HAL_Driver/Src/stm32f0xx_ll_exti.o
 .text.LL_EXTI_EnableFallingTrig_0_31
                0x0000000008002f80       0x20 ./Drivers/STM32F0xx_HAL_Driver/Src/stm32f0xx_ll_exti.o
 .text.LL_EXTI_DisableFallingTrig_0_31
                0x0000000008002fa0       0x24 ./Drivers/STM32F0xx_HAL_Driver/Src/stm32f0xx_ll_exti.o
 .text.LL_EXTI_Init
                0x0000000008002fc4      0x112 ./Drivers/STM32F0xx_HAL_Driver/Src/stm32f0xx_ll_exti.o
                0x0000000008002fc4                LL_EXTI_Init
 .text.LL_GPIO_SetPinMode
                0x00000000080030d6       0x38 ./Drivers/STM32F0xx_HAL_Driver/Src/stm32f0xx_ll_gpio.o
 .text.LL_GPIO_SetPinOutputType
                0x000000000800310e       0x2a ./Drivers/STM32F0xx_HAL_Driver/Src/stm32f0xx_ll_gpio.o
 .text.LL_GPIO_SetPinSpeed
                0x0000000008003138       0x38 ./Drivers/STM32F0xx_HAL_Driver/Src/stm32f0xx_ll_gpio.o
 .text.LL_GPIO_SetPinPull
                0x0000000008003170       0x38 ./Drivers/STM32F0xx_HAL_Driver/Src/stm32f0xx_ll_gpio.o
 .text.LL_GPIO_SetAFPin_0_7
                0x00000000080031a8       0x46 ./Drivers/STM32F0xx_HAL_Driver/Src/stm32f0xx_ll_gpio.o
 .text.LL_GPIO_SetAFPin_8_15
                0x00000000080031ee       0x5a ./Drivers/STM32F0xx_HAL_Driver/Src/stm32f0xx_ll_gpio.o
 .text.LL_GPIO_Init
                0x0000000008003248       0xb8 ./Drivers/STM32F0xx_HAL_Driver/Src/stm32f0xx_ll_gpio.o
                0x0000000008003248                LL_GPIO_Init
 .text.LL_RCC_HSI_IsReady
                0x0000000008003300       0x20 ./Drivers/STM32F0xx_HAL_Driver/Src/stm32f0xx_ll_rcc.o
 .text.LL_RCC_LSE_IsReady
                0x0000000008003320       0x20 ./Drivers/STM32F0xx_HAL_Driver/Src/stm32f0xx_ll_rcc.o
 .text.LL_RCC_GetSysClkSource
                0x0000000008003340       0x18 ./Drivers/STM32F0xx_HAL_Driver/Src/stm32f0xx_ll_rcc.o
 .text.LL_RCC_GetAHBPrescaler
                0x0000000008003358       0x18 ./Drivers/STM32F0xx_HAL_Driver/Src/stm32f0xx_ll_rcc.o
 .text.LL_RCC_GetAPB1Prescaler
                0x0000000008003370       0x18 ./Drivers/STM32F0xx_HAL_Driver/Src/stm32f0xx_ll_rcc.o
 .text.LL_RCC_GetUSARTClockSource
                0x0000000008003388       0x28 ./Drivers/STM32F0xx_HAL_Driver/Src/stm32f0xx_ll_rcc.o
 .text.LL_RCC_PLL_GetMainSource
                0x00000000080033b0       0x18 ./Drivers/STM32F0xx_HAL_Driver/Src/stm32f0xx_ll_rcc.o
 .text.LL_RCC_PLL_GetMultiplicator
                0x00000000080033c8       0x18 ./Drivers/STM32F0xx_HAL_Driver/Src/stm32f0xx_ll_rcc.o
 .text.LL_RCC_PLL_GetPrediv
                0x00000000080033e0       0x18 ./Drivers/STM32F0xx_HAL_Driver/Src/stm32f0xx_ll_rcc.o
 .text.LL_RCC_GetSystemClocksFreq
                0x00000000080033f8       0x3a ./Drivers/STM32F0xx_HAL_Driver/Src/stm32f0xx_ll_rcc.o
                0x00000000080033f8                LL_RCC_GetSystemClocksFreq
 *fill*         0x0000000008003432        0x2 
 .text.LL_RCC_GetUSARTClockFreq
                0x0000000008003434       0x88 ./Drivers/STM32F0xx_HAL_Driver/Src/stm32f0xx_ll_rcc.o
                0x0000000008003434                LL_RCC_GetUSARTClockFreq
 .text.RCC_GetSystemClockFreq
                0x00000000080034bc       0x4c ./Drivers/STM32F0xx_HAL_Driver/Src/stm32f0xx_ll_rcc.o
                0x00000000080034bc                RCC_GetSystemClockFreq
 .text.RCC_GetHCLKClockFreq
                0x0000000008003508       0x2c ./Drivers/STM32F0xx_HAL_Driver/Src/stm32f0xx_ll_rcc.o
                0x0000000008003508                RCC_GetHCLKClockFreq
 .text.RCC_GetPCLK1ClockFreq
                0x0000000008003534       0x28 ./Drivers/STM32F0xx_HAL_Driver/Src/stm32f0xx_ll_rcc.o
                0x0000000008003534                RCC_GetPCLK1ClockFreq
 .text.RCC_PLL_GetFreqDomain_SYS
                0x000000000800355c       0x70 ./Drivers/STM32F0xx_HAL_Driver/Src/stm32f0xx_ll_rcc.o
                0x000000000800355c                RCC_PLL_GetFreqDomain_SYS
 .text.LL_TIM_SetPrescaler
                0x00000000080035cc       0x18 ./Drivers/STM32F0xx_HAL_Driver/Src/stm32f0xx_ll_tim.o
 .text.LL_TIM_SetAutoReload
                0x00000000080035e4       0x18 ./Drivers/STM32F0xx_HAL_Driver/Src/stm32f0xx_ll_tim.o
 .text.LL_TIM_SetRepetitionCounter
                0x00000000080035fc       0x18 ./Drivers/STM32F0xx_HAL_Driver/Src/stm32f0xx_ll_tim.o
 .text.LL_TIM_GenerateEvent_UPDATE
                0x0000000008003614       0x1c ./Drivers/STM32F0xx_HAL_Driver/Src/stm32f0xx_ll_tim.o
 .text.LL_TIM_Init
                0x0000000008003630       0xf0 ./Drivers/STM32F0xx_HAL_Driver/Src/stm32f0xx_ll_tim.o
                0x0000000008003630                LL_TIM_Init
 .text.LL_USART_IsEnabled
                0x0000000008003720       0x22 ./Drivers/STM32F0xx_HAL_Driver/Src/stm32f0xx_ll_usart.o
 *fill*         0x0000000008003742        0x2 
 .text.LL_USART_SetStopBitsLength
                0x0000000008003744       0x28 ./Drivers/STM32F0xx_HAL_Driver/Src/stm32f0xx_ll_usart.o
 .text.LL_USART_SetHWFlowCtrl
                0x000000000800376c       0x28 ./Drivers/STM32F0xx_HAL_Driver/Src/stm32f0xx_ll_usart.o
 .text.LL_USART_SetBaudRate
                0x0000000008003794       0x78 ./Drivers/STM32F0xx_HAL_Driver/Src/stm32f0xx_ll_usart.o
 .text.LL_USART_Init
                0x000000000800380c       0xd0 ./Drivers/STM32F0xx_HAL_Driver/Src/stm32f0xx_ll_usart.o
                0x000000000800380c                LL_USART_Init
 .text.LL_InitTick
                0x00000000080038dc       0x34 ./Drivers/STM32F0xx_HAL_Driver/Src/stm32f0xx_ll_utils.o
 .text.LL_Init1msTick
                0x0000000008003910       0x1e ./Drivers/STM32F0xx_HAL_Driver/Src/stm32f0xx_ll_utils.o
                0x0000000008003910                LL_Init1msTick
 *fill*         0x000000000800392e        0x2 
 .text.LL_mDelay
                0x0000000008003930       0x44 ./Drivers/STM32F0xx_HAL_Driver/Src/stm32f0xx_ll_utils.o
                0x0000000008003930                LL_mDelay
 .text.LL_SetSystemCoreClock
                0x0000000008003974       0x1c ./Drivers/STM32F0xx_HAL_Driver/Src/stm32f0xx_ll_utils.o
                0x0000000008003974                LL_SetSystemCoreClock
 .text.__libc_init_array
                0x0000000008003990       0x48 /opt/st/stm32cubeide_1.8.0/plugins/com.st.stm32cube.ide.mcu.externaltools.gnu-tools-for-stm32.9-2020-q2-update.linux64_2.0.0.202105311346/tools/bin/../lib/gcc/arm-none-eabi/9.3.1/../../../../arm-none-eabi/lib/thumb/v6-m/nofp/libc_nano.a(lib_a-init.o)
                0x0000000008003990                __libc_init_array
 .text.memset   0x00000000080039d8       0x10 /opt/st/stm32cubeide_1.8.0/plugins/com.st.stm32cube.ide.mcu.externaltools.gnu-tools-for-stm32.9-2020-q2-update.linux64_2.0.0.202105311346/tools/bin/../lib/gcc/arm-none-eabi/9.3.1/../../../../arm-none-eabi/lib/thumb/v6-m/nofp/libc_nano.a(lib_a-memset.o)
                0x00000000080039d8                memset
 *(.glue_7)
 .glue_7        0x00000000080039e8        0x0 linker stubs
 *(.glue_7t)
 .glue_7t       0x00000000080039e8        0x0 linker stubs
 *(.eh_frame)
 .eh_frame      0x00000000080039e8        0x0 /opt/st/stm32cubeide_1.8.0/plugins/com.st.stm32cube.ide.mcu.externaltools.gnu-tools-for-stm32.9-2020-q2-update.linux64_2.0.0.202105311346/tools/bin/../lib/gcc/arm-none-eabi/9.3.1/thumb/v6-m/nofp/crtbegin.o
 *(.init)
 .init          0x00000000080039e8        0x4 /opt/st/stm32cubeide_1.8.0/plugins/com.st.stm32cube.ide.mcu.externaltools.gnu-tools-for-stm32.9-2020-q2-update.linux64_2.0.0.202105311346/tools/bin/../lib/gcc/arm-none-eabi/9.3.1/thumb/v6-m/nofp/crti.o
                0x00000000080039e8                _init
 .init          0x00000000080039ec        0x8 /opt/st/stm32cubeide_1.8.0/plugins/com.st.stm32cube.ide.mcu.externaltools.gnu-tools-for-stm32.9-2020-q2-update.linux64_2.0.0.202105311346/tools/bin/../lib/gcc/arm-none-eabi/9.3.1/thumb/v6-m/nofp/crtn.o
 *(.fini)
 .fini          0x00000000080039f4        0x4 /opt/st/stm32cubeide_1.8.0/plugins/com.st.stm32cube.ide.mcu.externaltools.gnu-tools-for-stm32.9-2020-q2-update.linux64_2.0.0.202105311346/tools/bin/../lib/gcc/arm-none-eabi/9.3.1/thumb/v6-m/nofp/crti.o
                0x00000000080039f4                _fini
 .fini          0x00000000080039f8        0x8 /opt/st/stm32cubeide_1.8.0/plugins/com.st.stm32cube.ide.mcu.externaltools.gnu-tools-for-stm32.9-2020-q2-update.linux64_2.0.0.202105311346/tools/bin/../lib/gcc/arm-none-eabi/9.3.1/thumb/v6-m/nofp/crtn.o
                0x0000000008003a00                . = ALIGN (0x4)
                0x0000000008003a00                _etext = .

.vfp11_veneer   0x0000000008003a00        0x0
 .vfp11_veneer  0x0000000008003a00        0x0 linker stubs

.v4_bx          0x0000000008003a00        0x0
 .v4_bx         0x0000000008003a00        0x0 linker stubs

.iplt           0x0000000008003a00        0x0
 .iplt          0x0000000008003a00        0x0 /opt/st/stm32cubeide_1.8.0/plugins/com.st.stm32cube.ide.mcu.externaltools.gnu-tools-for-stm32.9-2020-q2-update.linux64_2.0.0.202105311346/tools/bin/../lib/gcc/arm-none-eabi/9.3.1/thumb/v6-m/nofp/crtbegin.o

.rodata         0x0000000008003a00       0x60
                0x0000000008003a00                . = ALIGN (0x4)
 *(.rodata)
 .rodata        0x0000000008003a00       0x40 /opt/st/stm32cubeide_1.8.0/plugins/com.st.stm32cube.ide.mcu.externaltools.gnu-tools-for-stm32.9-2020-q2-update.linux64_2.0.0.202105311346/tools/bin/../lib/gcc/arm-none-eabi/9.3.1/thumb/v6-m/nofp/libgcc.a(mulsf3.o)
 *(.rodata*)
 .rodata.CHANNEL_OFFSET_TAB
                0x0000000008003a40        0x5 ./Core/Src/main.o
 *fill*         0x0000000008003a45        0x3 
 .rodata.AHBPrescTable
                0x0000000008003a48       0x10 ./Core/Src/system_stm32f0xx.o
                0x0000000008003a48                AHBPrescTable
 .rodata.APBPrescTable
                0x0000000008003a58        0x8 ./Core/Src/system_stm32f0xx.o
                0x0000000008003a58                APBPrescTable
                0x0000000008003a60                . = ALIGN (0x4)

.rel.dyn        0x0000000008003a60        0x0
 .rel.iplt      0x0000000008003a60        0x0 /opt/st/stm32cubeide_1.8.0/plugins/com.st.stm32cube.ide.mcu.externaltools.gnu-tools-for-stm32.9-2020-q2-update.linux64_2.0.0.202105311346/tools/bin/../lib/gcc/arm-none-eabi/9.3.1/thumb/v6-m/nofp/crtbegin.o

.ARM.extab      0x0000000008003a60        0x0
                0x0000000008003a60                . = ALIGN (0x4)
 *(.ARM.extab* .gnu.linkonce.armextab.*)
                0x0000000008003a60                . = ALIGN (0x4)

.ARM            0x0000000008003a60        0x0
                0x0000000008003a60                . = ALIGN (0x4)
                0x0000000008003a60                __exidx_start = .
 *(.ARM.exidx*)
                0x0000000008003a60                __exidx_end = .
                0x0000000008003a60                . = ALIGN (0x4)

.preinit_array  0x0000000008003a60        0x0
                0x0000000008003a60                . = ALIGN (0x4)
                0x0000000008003a60                PROVIDE (__preinit_array_start = .)
 *(.preinit_array*)
                0x0000000008003a60                PROVIDE (__preinit_array_end = .)
                0x0000000008003a60                . = ALIGN (0x4)

.init_array     0x0000000008003a60        0x4
                0x0000000008003a60                . = ALIGN (0x4)
                0x0000000008003a60                PROVIDE (__init_array_start = .)
 *(SORT_BY_NAME(.init_array.*))
 *(.init_array*)
 .init_array    0x0000000008003a60        0x4 /opt/st/stm32cubeide_1.8.0/plugins/com.st.stm32cube.ide.mcu.externaltools.gnu-tools-for-stm32.9-2020-q2-update.linux64_2.0.0.202105311346/tools/bin/../lib/gcc/arm-none-eabi/9.3.1/thumb/v6-m/nofp/crtbegin.o
                0x0000000008003a64                PROVIDE (__init_array_end = .)
                0x0000000008003a64                . = ALIGN (0x4)

.fini_array     0x0000000008003a64        0x4
                0x0000000008003a64                . = ALIGN (0x4)
                [!provide]                        PROVIDE (__fini_array_start = .)
 *(SORT_BY_NAME(.fini_array.*))
 *(.fini_array*)
 .fini_array    0x0000000008003a64        0x4 /opt/st/stm32cubeide_1.8.0/plugins/com.st.stm32cube.ide.mcu.externaltools.gnu-tools-for-stm32.9-2020-q2-update.linux64_2.0.0.202105311346/tools/bin/../lib/gcc/arm-none-eabi/9.3.1/thumb/v6-m/nofp/crtbegin.o
                [!provide]                        PROVIDE (__fini_array_end = .)
                0x0000000008003a68                . = ALIGN (0x4)
                0x0000000008003a68                _sidata = LOADADDR (.data)

.data           0x0000000020000000        0x4 load address 0x0000000008003a68
                0x0000000020000000                . = ALIGN (0x4)
                0x0000000020000000                _sdata = .
 *(.data)
 *(.data*)
 .data.SystemCoreClock
                0x0000000020000000        0x4 ./Core/Src/system_stm32f0xx.o
                0x0000000020000000                SystemCoreClock
 *(.RamFunc)
 *(.RamFunc*)
                0x0000000020000004                . = ALIGN (0x4)
                0x0000000020000004                _edata = .

.igot.plt       0x0000000020000004        0x0 load address 0x0000000008003a6c
 .igot.plt      0x0000000020000004        0x0 /opt/st/stm32cubeide_1.8.0/plugins/com.st.stm32cube.ide.mcu.externaltools.gnu-tools-for-stm32.9-2020-q2-update.linux64_2.0.0.202105311346/tools/bin/../lib/gcc/arm-none-eabi/9.3.1/thumb/v6-m/nofp/crtbegin.o
                0x0000000020000004                . = ALIGN (0x4)

.bss            0x0000000020000004      0x3ac load address 0x0000000008003a6c
                0x0000000020000004                _sbss = .
                0x0000000020000004                __bss_start__ = _sbss
 *(.bss)
 .bss           0x0000000020000004       0x1c /opt/st/stm32cubeide_1.8.0/plugins/com.st.stm32cube.ide.mcu.externaltools.gnu-tools-for-stm32.9-2020-q2-update.linux64_2.0.0.202105311346/tools/bin/../lib/gcc/arm-none-eabi/9.3.1/thumb/v6-m/nofp/crtbegin.o
 *(.bss*)
 .bss.adc_val   0x0000000020000020        0x6 ./Core/Src/main.o
                0x0000000020000020                adc_val
 *fill*         0x0000000020000026        0x2 
 .bss.old_thick
                0x0000000020000028        0x4 ./Core/Src/main.o
                0x0000000020000028                old_thick
 .bss.mscnt     0x000000002000002c        0x4 ./Core/Src/main.o
                0x000000002000002c                mscnt
 .bss.start_cnt
                0x0000000020000030        0x4 ./Core/Src/main.o
                0x0000000020000030                start_cnt
 .bss.mute_cnt  0x0000000020000034        0x4 ./Core/Src/main.o
                0x0000000020000034                mute_cnt
 .bss.mute      0x0000000020000038        0x1 ./Core/Src/main.o
                0x0000000020000038                mute
 .bss.new_val   0x0000000020000039        0x1 ./Core/Src/main.o
                0x0000000020000039                new_val
 .bss.oil_err_flag
                0x000000002000003a        0x1 ./Core/Src/main.o
                0x000000002000003a                oil_err_flag
 .bss.feul_err_flag
                0x000000002000003b        0x1 ./Core/Src/main.o
                0x000000002000003b                feul_err_flag
 .bss.emr_err_flag
                0x000000002000003c        0x1 ./Core/Src/main.o
                0x000000002000003c                emr_err_flag
 .bss.dyn_err_flag
                0x000000002000003d        0x1 ./Core/Src/main.o
                0x000000002000003d                dyn_err_flag
 .bss.water_err_flag
                0x000000002000003e        0x1 ./Core/Src/main.o
                0x000000002000003e                water_err_flag
 .bss.freq_err_flag
                0x000000002000003f        0x1 ./Core/Src/main.o
                0x000000002000003f                freq_err_flag
 .bss.vac_err_high_flag
                0x0000000020000040        0x1 ./Core/Src/main.o
                0x0000000020000040                vac_err_high_flag
 .bss.vac_err_low_flag
                0x0000000020000041        0x1 ./Core/Src/main.o
                0x0000000020000041                vac_err_low_flag
 .bss.ol_err_flag
                0x0000000020000042        0x1 ./Core/Src/main.o
                0x0000000020000042                ol_err_flag
 .bss.bat_err_flag
                0x0000000020000043        0x1 ./Core/Src/main.o
                0x0000000020000043                bat_err_flag
 .bss.is_off    0x0000000020000044        0x1 ./Core/Src/main.o
                0x0000000020000044                is_off
 *fill*         0x0000000020000045        0x3 
 .bss.min_sample
                0x0000000020000048        0x4 ./Core/Src/main.o
                0x0000000020000048                min_sample
 .bss.sample_cnt
                0x000000002000004c        0x4 ./Core/Src/main.o
                0x000000002000004c                sample_cnt
 .bss.err_cnt   0x0000000020000050        0x4 ./Core/Src/main.o
                0x0000000020000050                err_cnt
 .bss.fr        0x0000000020000054        0x4 ./Core/Src/main.o
                0x0000000020000054                fr
 .bss.pulse     0x0000000020000058        0x4 ./Core/Src/main.o
                0x0000000020000058                pulse
 .bss.freq      0x000000002000005c        0x4 ./Core/Src/main.o
                0x000000002000005c                freq
 .bss.fr_err_cnt
                0x0000000020000060        0x4 ./Core/Src/main.o
                0x0000000020000060                fr_err_cnt
 .bss.off_delay_cnt
                0x0000000020000064        0x4 ./Core/Src/main.o
                0x0000000020000064                off_delay_cnt
 .bss.vac_err_cnt
                0x0000000020000068        0x4 ./Core/Src/main.o
                0x0000000020000068                vac_err_cnt
 .bss.flag      0x000000002000006c        0x1 ./Core/Src/main.o
                0x000000002000006c                flag
 .bss.first_check
                0x000000002000006d        0x1 ./Core/Src/main.o
                0x000000002000006d                first_check
 .bss.starting  0x000000002000006e        0x1 ./Core/Src/main.o
                0x000000002000006e                starting
 .bss.adc       0x000000002000006f        0x1 ./Core/Src/stm32f0xx_it.o
                0x000000002000006f                adc
 .bss.working   0x0000000020000070        0x1 ./Core/Src/stm32f0xx_it.o
                0x0000000020000070                working
 *fill*         0x0000000020000071        0x3 
 .bss.thick     0x0000000020000074        0x4 ./Core/Src/stm32f0xx_it.o
                0x0000000020000074                thick
 .bss.working_time
                0x0000000020000078        0x4 ./Core/Src/stm32f0xx_it.o
                0x0000000020000078                working_time
 *(COMMON)
 COMMON         0x000000002000007c      0x32c ./Core/Src/main.o
                0x000000002000007c                vbat
                0x0000000020000080                samples
                0x00000000200003a0                vac_sample
                0x00000000200003a4                vadc
 COMMON         0x00000000200003a8        0x6 ./Core/Src/stm32f0xx_it.o
                0x00000000200003a8                vac_sample_int
                0x00000000200003aa                vadc_int
                0x00000000200003ac                vbat_int
                0x00000000200003b0                . = ALIGN (0x4)
 *fill*         0x00000000200003ae        0x2 
                0x00000000200003b0                _ebss = .
                0x00000000200003b0                __bss_end__ = _ebss

._user_heap_stack
                0x00000000200003b0      0x600 load address 0x0000000008003a6c
                0x00000000200003b0                . = ALIGN (0x8)
                [!provide]                        PROVIDE (end = .)
                0x00000000200003b0                PROVIDE (_end = .)
                0x00000000200005b0                . = (. + _Min_Heap_Size)
 *fill*         0x00000000200003b0      0x200 
                0x00000000200009b0                . = (. + _Min_Stack_Size)
 *fill*         0x00000000200005b0      0x400 
                0x00000000200009b0                . = ALIGN (0x8)

/DISCARD/
 libc.a(*)
 libm.a(*)
 libgcc.a(*)

.ARM.attributes
                0x0000000000000000       0x28
 *(.ARM.attributes)
 .ARM.attributes
                0x0000000000000000       0x1e /opt/st/stm32cubeide_1.8.0/plugins/com.st.stm32cube.ide.mcu.externaltools.gnu-tools-for-stm32.9-2020-q2-update.linux64_2.0.0.202105311346/tools/bin/../lib/gcc/arm-none-eabi/9.3.1/thumb/v6-m/nofp/crti.o
 .ARM.attributes
                0x000000000000001e       0x2c /opt/st/stm32cubeide_1.8.0/plugins/com.st.stm32cube.ide.mcu.externaltools.gnu-tools-for-stm32.9-2020-q2-update.linux64_2.0.0.202105311346/tools/bin/../lib/gcc/arm-none-eabi/9.3.1/thumb/v6-m/nofp/crtbegin.o
 .ARM.attributes
                0x000000000000004a       0x2c ./Core/Src/adc.o
 .ARM.attributes
                0x0000000000000076       0x2c ./Core/Src/dma.o
 .ARM.attributes
                0x00000000000000a2       0x2c ./Core/Src/gpio.o
 .ARM.attributes
                0x00000000000000ce       0x2c ./Core/Src/main.o
 .ARM.attributes
                0x00000000000000fa       0x2c ./Core/Src/stm32f0xx_it.o
 .ARM.attributes
                0x0000000000000126       0x2c ./Core/Src/system_stm32f0xx.o
 .ARM.attributes
                0x0000000000000152       0x2c ./Core/Src/tim.o
 .ARM.attributes
                0x000000000000017e       0x2c ./Core/Src/usart.o
 .ARM.attributes
                0x00000000000001aa       0x21 ./Core/Startup/startup_stm32f030c8tx.o
 .ARM.attributes
                0x00000000000001cb       0x2c ./Drivers/STM32F0xx_HAL_Driver/Src/stm32f0xx_ll_adc.o
 .ARM.attributes
                0x00000000000001f7       0x2c ./Drivers/STM32F0xx_HAL_Driver/Src/stm32f0xx_ll_exti.o
 .ARM.attributes
                0x0000000000000223       0x2c ./Drivers/STM32F0xx_HAL_Driver/Src/stm32f0xx_ll_gpio.o
 .ARM.attributes
                0x000000000000024f       0x2c ./Drivers/STM32F0xx_HAL_Driver/Src/stm32f0xx_ll_rcc.o
 .ARM.attributes
                0x000000000000027b       0x2c ./Drivers/STM32F0xx_HAL_Driver/Src/stm32f0xx_ll_tim.o
 .ARM.attributes
                0x00000000000002a7       0x2c ./Drivers/STM32F0xx_HAL_Driver/Src/stm32f0xx_ll_usart.o
 .ARM.attributes
                0x00000000000002d3       0x2c ./Drivers/STM32F0xx_HAL_Driver/Src/stm32f0xx_ll_utils.o
 .ARM.attributes
                0x00000000000002ff       0x2c /opt/st/stm32cubeide_1.8.0/plugins/com.st.stm32cube.ide.mcu.externaltools.gnu-tools-for-stm32.9-2020-q2-update.linux64_2.0.0.202105311346/tools/bin/../lib/gcc/arm-none-eabi/9.3.1/../../../../arm-none-eabi/lib/thumb/v6-m/nofp/libc_nano.a(lib_a-init.o)
 .ARM.attributes
                0x000000000000032b       0x2c /opt/st/stm32cubeide_1.8.0/plugins/com.st.stm32cube.ide.mcu.externaltools.gnu-tools-for-stm32.9-2020-q2-update.linux64_2.0.0.202105311346/tools/bin/../lib/gcc/arm-none-eabi/9.3.1/../../../../arm-none-eabi/lib/thumb/v6-m/nofp/libc_nano.a(lib_a-memset.o)
 .ARM.attributes
                0x0000000000000357       0x1e /opt/st/stm32cubeide_1.8.0/plugins/com.st.stm32cube.ide.mcu.externaltools.gnu-tools-for-stm32.9-2020-q2-update.linux64_2.0.0.202105311346/tools/bin/../lib/gcc/arm-none-eabi/9.3.1/thumb/v6-m/nofp/libgcc.a(_udivsi3.o)
 .ARM.attributes
                0x0000000000000375       0x1e /opt/st/stm32cubeide_1.8.0/plugins/com.st.stm32cube.ide.mcu.externaltools.gnu-tools-for-stm32.9-2020-q2-update.linux64_2.0.0.202105311346/tools/bin/../lib/gcc/arm-none-eabi/9.3.1/thumb/v6-m/nofp/libgcc.a(_dvmd_tls.o)
 .ARM.attributes
                0x0000000000000393       0x1e /opt/st/stm32cubeide_1.8.0/plugins/com.st.stm32cube.ide.mcu.externaltools.gnu-tools-for-stm32.9-2020-q2-update.linux64_2.0.0.202105311346/tools/bin/../lib/gcc/arm-none-eabi/9.3.1/thumb/v6-m/nofp/libgcc.a(_arm_cmpdf2.o)
 .ARM.attributes
                0x00000000000003b1       0x1e /opt/st/stm32cubeide_1.8.0/plugins/com.st.stm32cube.ide.mcu.externaltools.gnu-tools-for-stm32.9-2020-q2-update.linux64_2.0.0.202105311346/tools/bin/../lib/gcc/arm-none-eabi/9.3.1/thumb/v6-m/nofp/libgcc.a(_arm_cmpsf2.o)
 .ARM.attributes
                0x00000000000003cf       0x2c /opt/st/stm32cubeide_1.8.0/plugins/com.st.stm32cube.ide.mcu.externaltools.gnu-tools-for-stm32.9-2020-q2-update.linux64_2.0.0.202105311346/tools/bin/../lib/gcc/arm-none-eabi/9.3.1/thumb/v6-m/nofp/libgcc.a(eqsf2.o)
 .ARM.attributes
                0x00000000000003fb       0x2c /opt/st/stm32cubeide_1.8.0/plugins/com.st.stm32cube.ide.mcu.externaltools.gnu-tools-for-stm32.9-2020-q2-update.linux64_2.0.0.202105311346/tools/bin/../lib/gcc/arm-none-eabi/9.3.1/thumb/v6-m/nofp/libgcc.a(gesf2.o)
 .ARM.attributes
                0x0000000000000427       0x2c /opt/st/stm32cubeide_1.8.0/plugins/com.st.stm32cube.ide.mcu.externaltools.gnu-tools-for-stm32.9-2020-q2-update.linux64_2.0.0.202105311346/tools/bin/../lib/gcc/arm-none-eabi/9.3.1/thumb/v6-m/nofp/libgcc.a(lesf2.o)
 .ARM.attributes
                0x0000000000000453       0x2c /opt/st/stm32cubeide_1.8.0/plugins/com.st.stm32cube.ide.mcu.externaltools.gnu-tools-for-stm32.9-2020-q2-update.linux64_2.0.0.202105311346/tools/bin/../lib/gcc/arm-none-eabi/9.3.1/thumb/v6-m/nofp/libgcc.a(mulsf3.o)
 .ARM.attributes
                0x000000000000047f       0x2c /opt/st/stm32cubeide_1.8.0/plugins/com.st.stm32cube.ide.mcu.externaltools.gnu-tools-for-stm32.9-2020-q2-update.linux64_2.0.0.202105311346/tools/bin/../lib/gcc/arm-none-eabi/9.3.1/thumb/v6-m/nofp/libgcc.a(floatsisf.o)
 .ARM.attributes
                0x00000000000004ab       0x2c /opt/st/stm32cubeide_1.8.0/plugins/com.st.stm32cube.ide.mcu.externaltools.gnu-tools-for-stm32.9-2020-q2-update.linux64_2.0.0.202105311346/tools/bin/../lib/gcc/arm-none-eabi/9.3.1/thumb/v6-m/nofp/libgcc.a(eqdf2.o)
 .ARM.attributes
                0x00000000000004d7       0x2c /opt/st/stm32cubeide_1.8.0/plugins/com.st.stm32cube.ide.mcu.externaltools.gnu-tools-for-stm32.9-2020-q2-update.linux64_2.0.0.202105311346/tools/bin/../lib/gcc/arm-none-eabi/9.3.1/thumb/v6-m/nofp/libgcc.a(gedf2.o)
 .ARM.attributes
                0x0000000000000503       0x2c /opt/st/stm32cubeide_1.8.0/plugins/com.st.stm32cube.ide.mcu.externaltools.gnu-tools-for-stm32.9-2020-q2-update.linux64_2.0.0.202105311346/tools/bin/../lib/gcc/arm-none-eabi/9.3.1/thumb/v6-m/nofp/libgcc.a(ledf2.o)
 .ARM.attributes
                0x000000000000052f       0x2c /opt/st/stm32cubeide_1.8.0/plugins/com.st.stm32cube.ide.mcu.externaltools.gnu-tools-for-stm32.9-2020-q2-update.linux64_2.0.0.202105311346/tools/bin/../lib/gcc/arm-none-eabi/9.3.1/thumb/v6-m/nofp/libgcc.a(extendsfdf2.o)
 .ARM.attributes
                0x000000000000055b       0x1e /opt/st/stm32cubeide_1.8.0/plugins/com.st.stm32cube.ide.mcu.externaltools.gnu-tools-for-stm32.9-2020-q2-update.linux64_2.0.0.202105311346/tools/bin/../lib/gcc/arm-none-eabi/9.3.1/thumb/v6-m/nofp/libgcc.a(_clzsi2.o)
 .ARM.attributes
                0x0000000000000579       0x1e /opt/st/stm32cubeide_1.8.0/plugins/com.st.stm32cube.ide.mcu.externaltools.gnu-tools-for-stm32.9-2020-q2-update.linux64_2.0.0.202105311346/tools/bin/../lib/gcc/arm-none-eabi/9.3.1/thumb/v6-m/nofp/crtn.o
OUTPUT(generator10kwf0.elf elf32-littlearm)
LOAD linker stubs
LOAD /opt/st/stm32cubeide_1.8.0/plugins/com.st.stm32cube.ide.mcu.externaltools.gnu-tools-for-stm32.9-2020-q2-update.linux64_2.0.0.202105311346/tools/bin/../lib/gcc/arm-none-eabi/9.3.1/../../../../arm-none-eabi/lib/thumb/v6-m/nofp/libc.a
LOAD /opt/st/stm32cubeide_1.8.0/plugins/com.st.stm32cube.ide.mcu.externaltools.gnu-tools-for-stm32.9-2020-q2-update.linux64_2.0.0.202105311346/tools/bin/../lib/gcc/arm-none-eabi/9.3.1/../../../../arm-none-eabi/lib/thumb/v6-m/nofp/libm.a
LOAD /opt/st/stm32cubeide_1.8.0/plugins/com.st.stm32cube.ide.mcu.externaltools.gnu-tools-for-stm32.9-2020-q2-update.linux64_2.0.0.202105311346/tools/bin/../lib/gcc/arm-none-eabi/9.3.1/thumb/v6-m/nofp/libgcc.a

.debug_info     0x0000000000000000     0x70d6
 .debug_info    0x0000000000000000      0x920 ./Core/Src/adc.o
 .debug_info    0x0000000000000920      0x597 ./Core/Src/dma.o
 .debug_info    0x0000000000000eb7      0x5bb ./Core/Src/gpio.o
 .debug_info    0x0000000000001472     0x1047 ./Core/Src/main.o
 .debug_info    0x00000000000024b9      0x56e ./Core/Src/stm32f0xx_it.o
 .debug_info    0x0000000000002a27      0x262 ./Core/Src/system_stm32f0xx.o
 .debug_info    0x0000000000002c89      0x81f ./Core/Src/tim.o
 .debug_info    0x00000000000034a8      0x8c9 ./Core/Src/usart.o
 .debug_info    0x0000000000003d71       0x22 ./Core/Startup/startup_stm32f030c8tx.o
 .debug_info    0x0000000000003d93      0x687 ./Drivers/STM32F0xx_HAL_Driver/Src/stm32f0xx_ll_adc.o
 .debug_info    0x000000000000441a      0x3aa ./Drivers/STM32F0xx_HAL_Driver/Src/stm32f0xx_ll_exti.o
 .debug_info    0x00000000000047c4      0x5c9 ./Drivers/STM32F0xx_HAL_Driver/Src/stm32f0xx_ll_gpio.o
 .debug_info    0x0000000000004d8d      0x598 ./Drivers/STM32F0xx_HAL_Driver/Src/stm32f0xx_ll_rcc.o
 .debug_info    0x0000000000005325      0xee3 ./Drivers/STM32F0xx_HAL_Driver/Src/stm32f0xx_ll_tim.o
 .debug_info    0x0000000000006208      0x702 ./Drivers/STM32F0xx_HAL_Driver/Src/stm32f0xx_ll_usart.o
 .debug_info    0x000000000000690a      0x7cc ./Drivers/STM32F0xx_HAL_Driver/Src/stm32f0xx_ll_utils.o

.debug_abbrev   0x0000000000000000     0x1bd2
 .debug_abbrev  0x0000000000000000      0x1eb ./Core/Src/adc.o
 .debug_abbrev  0x00000000000001eb      0x19e ./Core/Src/dma.o
 .debug_abbrev  0x0000000000000389      0x197 ./Core/Src/gpio.o
 .debug_abbrev  0x0000000000000520      0x2c6 ./Core/Src/main.o
 .debug_abbrev  0x00000000000007e6      0x1c8 ./Core/Src/stm32f0xx_it.o
 .debug_abbrev  0x00000000000009ae      0x116 ./Core/Src/system_stm32f0xx.o
 .debug_abbrev  0x0000000000000ac4      0x1af ./Core/Src/tim.o
 .debug_abbrev  0x0000000000000c73      0x1eb ./Core/Src/usart.o
 .debug_abbrev  0x0000000000000e5e       0x12 ./Core/Startup/startup_stm32f030c8tx.o
 .debug_abbrev  0x0000000000000e70      0x1ef ./Drivers/STM32F0xx_HAL_Driver/Src/stm32f0xx_ll_adc.o
 .debug_abbrev  0x000000000000105f      0x180 ./Drivers/STM32F0xx_HAL_Driver/Src/stm32f0xx_ll_exti.o
 .debug_abbrev  0x00000000000011df      0x1b5 ./Drivers/STM32F0xx_HAL_Driver/Src/stm32f0xx_ll_gpio.o
 .debug_abbrev  0x0000000000001394      0x1f8 ./Drivers/STM32F0xx_HAL_Driver/Src/stm32f0xx_ll_rcc.o
 .debug_abbrev  0x000000000000158c      0x218 ./Drivers/STM32F0xx_HAL_Driver/Src/stm32f0xx_ll_tim.o
 .debug_abbrev  0x00000000000017a4      0x1de ./Drivers/STM32F0xx_HAL_Driver/Src/stm32f0xx_ll_usart.o
 .debug_abbrev  0x0000000000001982      0x250 ./Drivers/STM32F0xx_HAL_Driver/Src/stm32f0xx_ll_utils.o

.debug_aranges  0x0000000000000000      0x8a8
 .debug_aranges
                0x0000000000000000       0x58 ./Core/Src/adc.o
 .debug_aranges
                0x0000000000000058       0x38 ./Core/Src/dma.o
 .debug_aranges
                0x0000000000000090       0x48 ./Core/Src/gpio.o
 .debug_aranges
                0x00000000000000d8      0x168 ./Core/Src/main.o
 .debug_aranges
                0x0000000000000240       0x78 ./Core/Src/stm32f0xx_it.o
 .debug_aranges
                0x00000000000002b8       0x28 ./Core/Src/system_stm32f0xx.o
 .debug_aranges
                0x00000000000002e0       0x58 ./Core/Src/tim.o
 .debug_aranges
                0x0000000000000338       0x58 ./Core/Src/usart.o
 .debug_aranges
                0x0000000000000390       0x28 ./Core/Startup/startup_stm32f030c8tx.o
 .debug_aranges
                0x00000000000003b8       0x90 ./Drivers/STM32F0xx_HAL_Driver/Src/stm32f0xx_ll_adc.o
 .debug_aranges
                0x0000000000000448       0x70 ./Drivers/STM32F0xx_HAL_Driver/Src/stm32f0xx_ll_exti.o
 .debug_aranges
                0x00000000000004b8       0x70 ./Drivers/STM32F0xx_HAL_Driver/Src/stm32f0xx_ll_gpio.o
 .debug_aranges
                0x0000000000000528       0xe8 ./Drivers/STM32F0xx_HAL_Driver/Src/stm32f0xx_ll_rcc.o
 .debug_aranges
                0x0000000000000610      0x128 ./Drivers/STM32F0xx_HAL_Driver/Src/stm32f0xx_ll_tim.o
 .debug_aranges
                0x0000000000000738       0x88 ./Drivers/STM32F0xx_HAL_Driver/Src/stm32f0xx_ll_usart.o
 .debug_aranges
                0x00000000000007c0       0xe8 ./Drivers/STM32F0xx_HAL_Driver/Src/stm32f0xx_ll_utils.o

.debug_ranges   0x0000000000000000      0x7b0
 .debug_ranges  0x0000000000000000       0x48 ./Core/Src/adc.o
 .debug_ranges  0x0000000000000048       0x28 ./Core/Src/dma.o
 .debug_ranges  0x0000000000000070       0x38 ./Core/Src/gpio.o
 .debug_ranges  0x00000000000000a8      0x158 ./Core/Src/main.o
 .debug_ranges  0x0000000000000200       0x68 ./Core/Src/stm32f0xx_it.o
 .debug_ranges  0x0000000000000268       0x18 ./Core/Src/system_stm32f0xx.o
 .debug_ranges  0x0000000000000280       0x48 ./Core/Src/tim.o
 .debug_ranges  0x00000000000002c8       0x48 ./Core/Src/usart.o
 .debug_ranges  0x0000000000000310       0x20 ./Core/Startup/startup_stm32f030c8tx.o
 .debug_ranges  0x0000000000000330       0x80 ./Drivers/STM32F0xx_HAL_Driver/Src/stm32f0xx_ll_adc.o
 .debug_ranges  0x00000000000003b0       0x60 ./Drivers/STM32F0xx_HAL_Driver/Src/stm32f0xx_ll_exti.o
 .debug_ranges  0x0000000000000410       0x60 ./Drivers/STM32F0xx_HAL_Driver/Src/stm32f0xx_ll_gpio.o
 .debug_ranges  0x0000000000000470       0xd8 ./Drivers/STM32F0xx_HAL_Driver/Src/stm32f0xx_ll_rcc.o
 .debug_ranges  0x0000000000000548      0x118 ./Drivers/STM32F0xx_HAL_Driver/Src/stm32f0xx_ll_tim.o
 .debug_ranges  0x0000000000000660       0x78 ./Drivers/STM32F0xx_HAL_Driver/Src/stm32f0xx_ll_usart.o
 .debug_ranges  0x00000000000006d8       0xd8 ./Drivers/STM32F0xx_HAL_Driver/Src/stm32f0xx_ll_utils.o

.debug_macro    0x0000000000000000     0xbd8c
 .debug_macro   0x0000000000000000      0x14f ./Core/Src/adc.o
 .debug_macro   0x000000000000014f      0xaba ./Core/Src/adc.o
 .debug_macro   0x0000000000000c09       0x2e ./Core/Src/adc.o
 .debug_macro   0x0000000000000c37       0x22 ./Core/Src/adc.o
 .debug_macro   0x0000000000000c59       0x22 ./Core/Src/adc.o
 .debug_macro   0x0000000000000c7b       0x8e ./Core/Src/adc.o
 .debug_macro   0x0000000000000d09       0x51 ./Core/Src/adc.o
 .debug_macro   0x0000000000000d5a      0x103 ./Core/Src/adc.o
 .debug_macro   0x0000000000000e5d       0x6a ./Core/Src/adc.o
 .debug_macro   0x0000000000000ec7      0x1df ./Core/Src/adc.o
 .debug_macro   0x00000000000010a6       0x1c ./Core/Src/adc.o
 .debug_macro   0x00000000000010c2       0x22 ./Core/Src/adc.o
 .debug_macro   0x00000000000010e4       0xb5 ./Core/Src/adc.o
 .debug_macro   0x0000000000001199      0x391 ./Core/Src/adc.o
 .debug_macro   0x000000000000152a     0x6f39 ./Core/Src/adc.o
 .debug_macro   0x0000000000008463       0x3c ./Core/Src/adc.o
 .debug_macro   0x000000000000849f      0x5a7 ./Core/Src/adc.o
 .debug_macro   0x0000000000008a46      0x3d4 ./Core/Src/adc.o
 .debug_macro   0x0000000000008e1a       0xcb ./Core/Src/adc.o
 .debug_macro   0x0000000000008ee5      0x176 ./Core/Src/adc.o
 .debug_macro   0x000000000000905b       0xd0 ./Core/Src/adc.o
 .debug_macro   0x000000000000912b       0x16 ./Core/Src/adc.o
 .debug_macro   0x0000000000009141       0x2a ./Core/Src/adc.o
 .debug_macro   0x000000000000916b       0x68 ./Core/Src/adc.o
 .debug_macro   0x00000000000091d3      0x215 ./Core/Src/adc.o
 .debug_macro   0x00000000000093e8      0x5bd ./Core/Src/adc.o
 .debug_macro   0x00000000000099a5      0x264 ./Core/Src/adc.o
 .debug_macro   0x0000000000009c09      0x11f ./Core/Src/adc.o
 .debug_macro   0x0000000000009d28      0x146 ./Core/Src/adc.o
 .debug_macro   0x0000000000009e6e      0x14f ./Core/Src/dma.o
 .debug_macro   0x0000000000009fbd      0x14f ./Core/Src/gpio.o
 .debug_macro   0x000000000000a10c      0x190 ./Core/Src/main.o
 .debug_macro   0x000000000000a29c      0x106 ./Core/Src/main.o
 .debug_macro   0x000000000000a3a2      0x14f ./Core/Src/stm32f0xx_it.o
 .debug_macro   0x000000000000a4f1       0xc0 ./Core/Src/system_stm32f0xx.o
 .debug_macro   0x000000000000a5b1      0x14f ./Core/Src/tim.o
 .debug_macro   0x000000000000a700      0x14f ./Core/Src/usart.o
 .debug_macro   0x000000000000a84f      0x122 ./Drivers/STM32F0xx_HAL_Driver/Src/stm32f0xx_ll_adc.o
 .debug_macro   0x000000000000a971       0xe1 ./Drivers/STM32F0xx_HAL_Driver/Src/stm32f0xx_ll_exti.o
 .debug_macro   0x000000000000aa52       0xca ./Drivers/STM32F0xx_HAL_Driver/Src/stm32f0xx_ll_exti.o
 .debug_macro   0x000000000000ab1c       0xfc ./Drivers/STM32F0xx_HAL_Driver/Src/stm32f0xx_ll_gpio.o
 .debug_macro   0x000000000000ac18      0x119 ./Drivers/STM32F0xx_HAL_Driver/Src/stm32f0xx_ll_gpio.o
 .debug_macro   0x000000000000ad31       0xdb ./Drivers/STM32F0xx_HAL_Driver/Src/stm32f0xx_ll_rcc.o
 .debug_macro   0x000000000000ae0c      0x3ce ./Drivers/STM32F0xx_HAL_Driver/Src/stm32f0xx_ll_rcc.o
 .debug_macro   0x000000000000b1da      0x145 ./Drivers/STM32F0xx_HAL_Driver/Src/stm32f0xx_ll_tim.o
 .debug_macro   0x000000000000b31f      0x5b7 ./Drivers/STM32F0xx_HAL_Driver/Src/stm32f0xx_ll_tim.o
 .debug_macro   0x000000000000b8d6      0x12f ./Drivers/STM32F0xx_HAL_Driver/Src/stm32f0xx_ll_usart.o
 .debug_macro   0x000000000000ba05      0x25e ./Drivers/STM32F0xx_HAL_Driver/Src/stm32f0xx_ll_usart.o
 .debug_macro   0x000000000000bc63      0x129 ./Drivers/STM32F0xx_HAL_Driver/Src/stm32f0xx_ll_utils.o

.debug_line     0x0000000000000000     0x72cb
 .debug_line    0x0000000000000000      0x710 ./Core/Src/adc.o
 .debug_line    0x0000000000000710      0x651 ./Core/Src/dma.o
 .debug_line    0x0000000000000d61      0x780 ./Core/Src/gpio.o
 .debug_line    0x00000000000014e1      0xf4b ./Core/Src/main.o
 .debug_line    0x000000000000242c      0x70b ./Core/Src/stm32f0xx_it.o
 .debug_line    0x0000000000002b37      0x4ad ./Core/Src/system_stm32f0xx.o
 .debug_line    0x0000000000002fe4      0x6cf ./Core/Src/tim.o
 .debug_line    0x00000000000036b3      0x715 ./Core/Src/usart.o
 .debug_line    0x0000000000003dc8       0x89 ./Core/Startup/startup_stm32f030c8tx.o
 .debug_line    0x0000000000003e51      0x69e ./Drivers/STM32F0xx_HAL_Driver/Src/stm32f0xx_ll_adc.o
 .debug_line    0x00000000000044ef      0x5d7 ./Drivers/STM32F0xx_HAL_Driver/Src/stm32f0xx_ll_exti.o
 .debug_line    0x0000000000004ac6      0x61b ./Drivers/STM32F0xx_HAL_Driver/Src/stm32f0xx_ll_gpio.o
 .debug_line    0x00000000000050e1      0x820 ./Drivers/STM32F0xx_HAL_Driver/Src/stm32f0xx_ll_rcc.o
 .debug_line    0x0000000000005901      0xa8f ./Drivers/STM32F0xx_HAL_Driver/Src/stm32f0xx_ll_tim.o
 .debug_line    0x0000000000006390      0x6ab ./Drivers/STM32F0xx_HAL_Driver/Src/stm32f0xx_ll_usart.o
 .debug_line    0x0000000000006a3b      0x890 ./Drivers/STM32F0xx_HAL_Driver/Src/stm32f0xx_ll_utils.o

.debug_str      0x0000000000000000    0x3de65
 .debug_str     0x0000000000000000    0x38efb ./Core/Src/adc.o
                                      0x3915d (size before relaxing)
 .debug_str     0x0000000000038efb       0x29 ./Core/Src/dma.o
                                      0x38f62 (size before relaxing)
 .debug_str     0x0000000000038f24      0x10f ./Core/Src/gpio.o
                                      0x38e8b (size before relaxing)
 .debug_str     0x0000000000039033      0xe91 ./Core/Src/main.o
                                      0x39cb8 (size before relaxing)
 .debug_str     0x0000000000039ec4       0xf8 ./Core/Src/stm32f0xx_it.o
                                      0x38e78 (size before relaxing)
 .debug_str     0x0000000000039fbc       0x80 ./Core/Src/system_stm32f0xx.o
                                      0x2c3de (size before relaxing)
 .debug_str     0x000000000003a03c       0xe0 ./Core/Src/tim.o
                                      0x390aa (size before relaxing)
 .debug_str     0x000000000003a11c       0xfa ./Core/Src/usart.o
                                      0x390f1 (size before relaxing)
 .debug_str     0x000000000003a216       0x36 ./Core/Startup/startup_stm32f030c8tx.o
                                         0x73 (size before relaxing)
 .debug_str     0x000000000003a24c      0xa5d ./Drivers/STM32F0xx_HAL_Driver/Src/stm32f0xx_ll_adc.o
                                      0x312a8 (size before relaxing)
 .debug_str     0x000000000003aca9      0x320 ./Drivers/STM32F0xx_HAL_Driver/Src/stm32f0xx_ll_exti.o
                                      0x2cafc (size before relaxing)
 .debug_str     0x000000000003afc9      0x4ea ./Drivers/STM32F0xx_HAL_Driver/Src/stm32f0xx_ll_gpio.o
                                      0x2d581 (size before relaxing)
 .debug_str     0x000000000003b4b3      0x31e ./Drivers/STM32F0xx_HAL_Driver/Src/stm32f0xx_ll_rcc.o
                                      0x2e1ff (size before relaxing)
 .debug_str     0x000000000003b7d1     0x12fa ./Drivers/STM32F0xx_HAL_Driver/Src/stm32f0xx_ll_tim.o
                                      0x30c85 (size before relaxing)
 .debug_str     0x000000000003cacb      0x7cb ./Drivers/STM32F0xx_HAL_Driver/Src/stm32f0xx_ll_usart.o
                                      0x2fa44 (size before relaxing)
 .debug_str     0x000000000003d296      0xbcf ./Drivers/STM32F0xx_HAL_Driver/Src/stm32f0xx_ll_utils.o
                                      0x2f833 (size before relaxing)

.comment        0x0000000000000000       0x53
 .comment       0x0000000000000000       0x53 ./Core/Src/adc.o
                                         0x54 (size before relaxing)
 .comment       0x0000000000000053       0x54 ./Core/Src/dma.o
 .comment       0x0000000000000053       0x54 ./Core/Src/gpio.o
 .comment       0x0000000000000053       0x54 ./Core/Src/main.o
 .comment       0x0000000000000053       0x54 ./Core/Src/stm32f0xx_it.o
 .comment       0x0000000000000053       0x54 ./Core/Src/system_stm32f0xx.o
 .comment       0x0000000000000053       0x54 ./Core/Src/tim.o
 .comment       0x0000000000000053       0x54 ./Core/Src/usart.o
 .comment       0x0000000000000053       0x54 ./Drivers/STM32F0xx_HAL_Driver/Src/stm32f0xx_ll_adc.o
 .comment       0x0000000000000053       0x54 ./Drivers/STM32F0xx_HAL_Driver/Src/stm32f0xx_ll_exti.o
 .comment       0x0000000000000053       0x54 ./Drivers/STM32F0xx_HAL_Driver/Src/stm32f0xx_ll_gpio.o
 .comment       0x0000000000000053       0x54 ./Drivers/STM32F0xx_HAL_Driver/Src/stm32f0xx_ll_rcc.o
 .comment       0x0000000000000053       0x54 ./Drivers/STM32F0xx_HAL_Driver/Src/stm32f0xx_ll_tim.o
 .comment       0x0000000000000053       0x54 ./Drivers/STM32F0xx_HAL_Driver/Src/stm32f0xx_ll_usart.o
 .comment       0x0000000000000053       0x54 ./Drivers/STM32F0xx_HAL_Driver/Src/stm32f0xx_ll_utils.o

.debug_frame    0x0000000000000000     0x1ec8
 .debug_frame   0x0000000000000000      0x114 ./Core/Src/adc.o
 .debug_frame   0x0000000000000114       0x8c ./Core/Src/dma.o
 .debug_frame   0x00000000000001a0       0xd0 ./Core/Src/gpio.o
 .debug_frame   0x0000000000000270      0x51c ./Core/Src/main.o
 .debug_frame   0x000000000000078c      0x170 ./Core/Src/stm32f0xx_it.o
 .debug_frame   0x00000000000008fc       0x4c ./Core/Src/system_stm32f0xx.o
 .debug_frame   0x0000000000000948      0x110 ./Core/Src/tim.o
 .debug_frame   0x0000000000000a58      0x110 ./Core/Src/usart.o
 .debug_frame   0x0000000000000b68      0x1f0 ./Drivers/STM32F0xx_HAL_Driver/Src/stm32f0xx_ll_adc.o
 .debug_frame   0x0000000000000d58      0x16c ./Drivers/STM32F0xx_HAL_Driver/Src/stm32f0xx_ll_exti.o
 .debug_frame   0x0000000000000ec4      0x170 ./Drivers/STM32F0xx_HAL_Driver/Src/stm32f0xx_ll_gpio.o
 .debug_frame   0x0000000000001034      0x318 ./Drivers/STM32F0xx_HAL_Driver/Src/stm32f0xx_ll_rcc.o
 .debug_frame   0x000000000000134c      0x450 ./Drivers/STM32F0xx_HAL_Driver/Src/stm32f0xx_ll_tim.o
 .debug_frame   0x000000000000179c      0x1d0 ./Drivers/STM32F0xx_HAL_Driver/Src/stm32f0xx_ll_usart.o
 .debug_frame   0x000000000000196c      0x328 ./Drivers/STM32F0xx_HAL_Driver/Src/stm32f0xx_ll_utils.o
 .debug_frame   0x0000000000001c94       0x2c /opt/st/stm32cubeide_1.8.0/plugins/com.st.stm32cube.ide.mcu.externaltools.gnu-tools-for-stm32.9-2020-q2-update.linux64_2.0.0.202105311346/tools/bin/../lib/gcc/arm-none-eabi/9.3.1/../../../../arm-none-eabi/lib/thumb/v6-m/nofp/libc_nano.a(lib_a-init.o)
 .debug_frame   0x0000000000001cc0       0x20 /opt/st/stm32cubeide_1.8.0/plugins/com.st.stm32cube.ide.mcu.externaltools.gnu-tools-for-stm32.9-2020-q2-update.linux64_2.0.0.202105311346/tools/bin/../lib/gcc/arm-none-eabi/9.3.1/../../../../arm-none-eabi/lib/thumb/v6-m/nofp/libc_nano.a(lib_a-memset.o)
 .debug_frame   0x0000000000001ce0       0x20 /opt/st/stm32cubeide_1.8.0/plugins/com.st.stm32cube.ide.mcu.externaltools.gnu-tools-for-stm32.9-2020-q2-update.linux64_2.0.0.202105311346/tools/bin/../lib/gcc/arm-none-eabi/9.3.1/thumb/v6-m/nofp/libgcc.a(_udivsi3.o)
 .debug_frame   0x0000000000001d00       0x2c /opt/st/stm32cubeide_1.8.0/plugins/com.st.stm32cube.ide.mcu.externaltools.gnu-tools-for-stm32.9-2020-q2-update.linux64_2.0.0.202105311346/tools/bin/../lib/gcc/arm-none-eabi/9.3.1/thumb/v6-m/nofp/libgcc.a(eqsf2.o)
 .debug_frame   0x0000000000001d2c       0x30 /opt/st/stm32cubeide_1.8.0/plugins/com.st.stm32cube.ide.mcu.externaltools.gnu-tools-for-stm32.9-2020-q2-update.linux64_2.0.0.202105311346/tools/bin/../lib/gcc/arm-none-eabi/9.3.1/thumb/v6-m/nofp/libgcc.a(gesf2.o)
 .debug_frame   0x0000000000001d5c       0x30 /opt/st/stm32cubeide_1.8.0/plugins/com.st.stm32cube.ide.mcu.externaltools.gnu-tools-for-stm32.9-2020-q2-update.linux64_2.0.0.202105311346/tools/bin/../lib/gcc/arm-none-eabi/9.3.1/thumb/v6-m/nofp/libgcc.a(lesf2.o)
 .debug_frame   0x0000000000001d8c       0x3c /opt/st/stm32cubeide_1.8.0/plugins/com.st.stm32cube.ide.mcu.externaltools.gnu-tools-for-stm32.9-2020-q2-update.linux64_2.0.0.202105311346/tools/bin/../lib/gcc/arm-none-eabi/9.3.1/thumb/v6-m/nofp/libgcc.a(mulsf3.o)
 .debug_frame   0x0000000000001dc8       0x2c /opt/st/stm32cubeide_1.8.0/plugins/com.st.stm32cube.ide.mcu.externaltools.gnu-tools-for-stm32.9-2020-q2-update.linux64_2.0.0.202105311346/tools/bin/../lib/gcc/arm-none-eabi/9.3.1/thumb/v6-m/nofp/libgcc.a(floatsisf.o)
 .debug_frame   0x0000000000001df4       0x38 /opt/st/stm32cubeide_1.8.0/plugins/com.st.stm32cube.ide.mcu.externaltools.gnu-tools-for-stm32.9-2020-q2-update.linux64_2.0.0.202105311346/tools/bin/../lib/gcc/arm-none-eabi/9.3.1/thumb/v6-m/nofp/libgcc.a(eqdf2.o)
 .debug_frame   0x0000000000001e2c       0x38 /opt/st/stm32cubeide_1.8.0/plugins/com.st.stm32cube.ide.mcu.externaltools.gnu-tools-for-stm32.9-2020-q2-update.linux64_2.0.0.202105311346/tools/bin/../lib/gcc/arm-none-eabi/9.3.1/thumb/v6-m/nofp/libgcc.a(gedf2.o)
 .debug_frame   0x0000000000001e64       0x38 /opt/st/stm32cubeide_1.8.0/plugins/com.st.stm32cube.ide.mcu.externaltools.gnu-tools-for-stm32.9-2020-q2-update.linux64_2.0.0.202105311346/tools/bin/../lib/gcc/arm-none-eabi/9.3.1/thumb/v6-m/nofp/libgcc.a(ledf2.o)
 .debug_frame   0x0000000000001e9c       0x2c /opt/st/stm32cubeide_1.8.0/plugins/com.st.stm32cube.ide.mcu.externaltools.gnu-tools-for-stm32.9-2020-q2-update.linux64_2.0.0.202105311346/tools/bin/../lib/gcc/arm-none-eabi/9.3.1/thumb/v6-m/nofp/libgcc.a(extendsfdf2.o)
