Archive member included to satisfy reference by file (symbol)

g:/st/stm32cubeide_1.5.0/stm32cubeide/plugins/com.st.stm32cube.ide.mcu.externaltools.gnu-tools-for-stm32.7-2018-q2-update.win32_1.5.0.202011040924/tools/bin/../lib/gcc/arm-none-eabi/7.3.1/../../../../arm-none-eabi/lib/thumb/v6-m\libc_nano.a(lib_a-errno.o)
                              Core/Src/syscalls.o (__errno)
g:/st/stm32cubeide_1.5.0/stm32cubeide/plugins/com.st.stm32cube.ide.mcu.externaltools.gnu-tools-for-stm32.7-2018-q2-update.win32_1.5.0.202011040924/tools/bin/../lib/gcc/arm-none-eabi/7.3.1/../../../../arm-none-eabi/lib/thumb/v6-m\libc_nano.a(lib_a-exit.o)
                              g:/st/stm32cubeide_1.5.0/stm32cubeide/plugins/com.st.stm32cube.ide.mcu.externaltools.gnu-tools-for-stm32.7-2018-q2-update.win32_1.5.0.202011040924/tools/bin/../lib/gcc/arm-none-eabi/7.3.1/../../../../arm-none-eabi/lib/thumb/v6-m/crt0.o (exit)
g:/st/stm32cubeide_1.5.0/stm32cubeide/plugins/com.st.stm32cube.ide.mcu.externaltools.gnu-tools-for-stm32.7-2018-q2-update.win32_1.5.0.202011040924/tools/bin/../lib/gcc/arm-none-eabi/7.3.1/../../../../arm-none-eabi/lib/thumb/v6-m\libc_nano.a(lib_a-impure.o)
                              g:/st/stm32cubeide_1.5.0/stm32cubeide/plugins/com.st.stm32cube.ide.mcu.externaltools.gnu-tools-for-stm32.7-2018-q2-update.win32_1.5.0.202011040924/tools/bin/../lib/gcc/arm-none-eabi/7.3.1/../../../../arm-none-eabi/lib/thumb/v6-m\libc_nano.a(lib_a-exit.o) (_global_impure_ptr)
g:/st/stm32cubeide_1.5.0/stm32cubeide/plugins/com.st.stm32cube.ide.mcu.externaltools.gnu-tools-for-stm32.7-2018-q2-update.win32_1.5.0.202011040924/tools/bin/../lib/gcc/arm-none-eabi/7.3.1/../../../../arm-none-eabi/lib/thumb/v6-m\libc_nano.a(lib_a-init.o)
                              g:/st/stm32cubeide_1.5.0/stm32cubeide/plugins/com.st.stm32cube.ide.mcu.externaltools.gnu-tools-for-stm32.7-2018-q2-update.win32_1.5.0.202011040924/tools/bin/../lib/gcc/arm-none-eabi/7.3.1/../../../../arm-none-eabi/lib/thumb/v6-m/crt0.o (__libc_init_array)
g:/st/stm32cubeide_1.5.0/stm32cubeide/plugins/com.st.stm32cube.ide.mcu.externaltools.gnu-tools-for-stm32.7-2018-q2-update.win32_1.5.0.202011040924/tools/bin/../lib/gcc/arm-none-eabi/7.3.1/../../../../arm-none-eabi/lib/thumb/v6-m\libc_nano.a(lib_a-memset.o)
                              g:/st/stm32cubeide_1.5.0/stm32cubeide/plugins/com.st.stm32cube.ide.mcu.externaltools.gnu-tools-for-stm32.7-2018-q2-update.win32_1.5.0.202011040924/tools/bin/../lib/gcc/arm-none-eabi/7.3.1/../../../../arm-none-eabi/lib/thumb/v6-m/crt0.o (memset)
g:/st/stm32cubeide_1.5.0/stm32cubeide/plugins/com.st.stm32cube.ide.mcu.externaltools.gnu-tools-for-stm32.7-2018-q2-update.win32_1.5.0.202011040924/tools/bin/../lib/gcc/arm-none-eabi/7.3.1/thumb/v6-m\libgcc.a(_udivsi3.o)
                              Core/Src/system_stm32f0xx.o (__aeabi_uidiv)
g:/st/stm32cubeide_1.5.0/stm32cubeide/plugins/com.st.stm32cube.ide.mcu.externaltools.gnu-tools-for-stm32.7-2018-q2-update.win32_1.5.0.202011040924/tools/bin/../lib/gcc/arm-none-eabi/7.3.1/thumb/v6-m\libgcc.a(_dvmd_tls.o)
                              g:/st/stm32cubeide_1.5.0/stm32cubeide/plugins/com.st.stm32cube.ide.mcu.externaltools.gnu-tools-for-stm32.7-2018-q2-update.win32_1.5.0.202011040924/tools/bin/../lib/gcc/arm-none-eabi/7.3.1/thumb/v6-m\libgcc.a(_udivsi3.o) (__aeabi_idiv0)
g:/st/stm32cubeide_1.5.0/stm32cubeide/plugins/com.st.stm32cube.ide.mcu.externaltools.gnu-tools-for-stm32.7-2018-q2-update.win32_1.5.0.202011040924/tools/bin/../lib/gcc/arm-none-eabi/7.3.1/thumb/v6-m\libgcc.a(_arm_cmpdf2.o)
                              Core/Src/main.o (__aeabi_dcmplt)
g:/st/stm32cubeide_1.5.0/stm32cubeide/plugins/com.st.stm32cube.ide.mcu.externaltools.gnu-tools-for-stm32.7-2018-q2-update.win32_1.5.0.202011040924/tools/bin/../lib/gcc/arm-none-eabi/7.3.1/thumb/v6-m\libgcc.a(_arm_cmpsf2.o)
                              Core/Src/main.o (__aeabi_fcmplt)
g:/st/stm32cubeide_1.5.0/stm32cubeide/plugins/com.st.stm32cube.ide.mcu.externaltools.gnu-tools-for-stm32.7-2018-q2-update.win32_1.5.0.202011040924/tools/bin/../lib/gcc/arm-none-eabi/7.3.1/thumb/v6-m\libgcc.a(eqsf2.o)
                              g:/st/stm32cubeide_1.5.0/stm32cubeide/plugins/com.st.stm32cube.ide.mcu.externaltools.gnu-tools-for-stm32.7-2018-q2-update.win32_1.5.0.202011040924/tools/bin/../lib/gcc/arm-none-eabi/7.3.1/thumb/v6-m\libgcc.a(_arm_cmpsf2.o) (__eqsf2)
g:/st/stm32cubeide_1.5.0/stm32cubeide/plugins/com.st.stm32cube.ide.mcu.externaltools.gnu-tools-for-stm32.7-2018-q2-update.win32_1.5.0.202011040924/tools/bin/../lib/gcc/arm-none-eabi/7.3.1/thumb/v6-m\libgcc.a(gesf2.o)
                              g:/st/stm32cubeide_1.5.0/stm32cubeide/plugins/com.st.stm32cube.ide.mcu.externaltools.gnu-tools-for-stm32.7-2018-q2-update.win32_1.5.0.202011040924/tools/bin/../lib/gcc/arm-none-eabi/7.3.1/thumb/v6-m\libgcc.a(_arm_cmpsf2.o) (__gesf2)
[...]
Memory Configuration

Name             Origin             Length             Attributes
RAM              0x0000000020000000 0x0000000000002000 xrw
FLASH            0x0000000008000000 0x0000000000010000 xr
*default*        0x0000000000000000 0xffffffffffffffff

Linker script and memory map

LOAD g:/st/stm32cubeide_1.5.0/stm32cubeide/plugins/com.st.stm32cube.ide.mcu.externaltools.gnu-tools-for-stm32.7-2018-q2-update.win32_1.5.0.202011040924/tools/bin/../lib/gcc/arm-none-eabi/7.3.1/thumb/v6-m/crti.o
LOAD g:/st/stm32cubeide_1.5.0/stm32cubeide/plugins/com.st.stm32cube.ide.mcu.externaltools.gnu-tools-for-stm32.7-2018-q2-update.win32_1.5.0.202011040924/tools/bin/../lib/gcc/arm-none-eabi/7.3.1/thumb/v6-m/crtbegin.o
LOAD g:/st/stm32cubeide_1.5.0/stm32cubeide/plugins/com.st.stm32cube.ide.mcu.externaltools.gnu-tools-for-stm32.7-2018-q2-update.win32_1.5.0.202011040924/tools/bin/../lib/gcc/arm-none-eabi/7.3.1/../../../../arm-none-eabi/lib/thumb/v6-m/crt0.o
LOAD Core/Src/adc.o
LOAD Core/Src/dma.o
LOAD Core/Src/gpio.o
LOAD Core/Src/main.o
LOAD Core/Src/stm32f0xx_it.o
LOAD Core/Src/syscalls.o
LOAD Core/Src/sysmem.o
LOAD Core/Src/system_stm32f0xx.o
LOAD Core/Src/tim.o
LOAD Core/Src/usart.o
LOAD Core/Startup/startup_stm32f030c8tx.o
LOAD Drivers/STM32F0xx_HAL_Driver/Src/stm32f0xx_ll_adc.o
LOAD Drivers/STM32F0xx_HAL_Driver/Src/stm32f0xx_ll_dma.o
LOAD Drivers/STM32F0xx_HAL_Driver/Src/stm32f0xx_ll_exti.o
LOAD Drivers/STM32F0xx_HAL_Driver/Src/stm32f0xx_ll_gpio.o
LOAD Drivers/STM32F0xx_HAL_Driver/Src/stm32f0xx_ll_pwr.o
LOAD Drivers/STM32F0xx_HAL_Driver/Src/stm32f0xx_ll_rcc.o
LOAD Drivers/STM32F0xx_HAL_Driver/Src/stm32f0xx_ll_tim.o
LOAD Drivers/STM32F0xx_HAL_Driver/Src/stm32f0xx_ll_usart.o
LOAD Drivers/STM32F0xx_HAL_Driver/Src/stm32f0xx_ll_utils.o
START GROUP
LOAD g:/st/stm32cubeide_1.5.0/stm32cubeide/plugins/com.st.stm32cube.ide.mcu.externaltools.gnu-tools-for-stm32.7-2018-q2-update.win32_1.5.0.202011040924/tools/bin/../lib/gcc/arm-none-eabi/7.3.1/../../../../arm-none-eabi/lib/thumb/v6-m\libc_nano.a
LOAD g:/st/stm32cubeide_1.5.0/stm32cubeide/plugins/com.st.stm32cube.ide.mcu.externaltools.gnu-tools-for-stm32.7-2018-q2-update.win32_1.5.0.202011040924/tools/bin/../lib/gcc/arm-none-eabi/7.3.1/../../../../arm-none-eabi/lib/thumb/v6-m\libm.a
END GROUP
START GROUP
LOAD g:/st/stm32cubeide_1.5.0/stm32cubeide/plugins/com.st.stm32cube.ide.mcu.externaltools.gnu-tools-for-stm32.7-2018-q2-update.win32_1.5.0.202011040924/tools/bin/../lib/gcc/arm-none-eabi/7.3.1/thumb/v6-m\libgcc.a
LOAD g:/st/stm32cubeide_1.5.0/stm32cubeide/plugins/com.st.stm32cube.ide.mcu.externaltools.gnu-tools-for-stm32.7-2018-q2-update.win32_1.5.0.202011040924/tools/bin/../lib/gcc/arm-none-eabi/7.3.1/../../../../arm-none-eabi/lib/thumb/v6-m\libc_nano.a
END GROUP
START GROUP
LOAD g:/st/stm32cubeide_1.5.0/stm32cubeide/plugins/com.st.stm32cube.ide.mcu.externaltools.gnu-tools-for-stm32.7-2018-q2-update.win32_1.5.0.202011040924/tools/bin/../lib/gcc/arm-none-eabi/7.3.1/thumb/v6-m\libgcc.a
LOAD g:/st/stm32cubeide_1.5.0/stm32cubeide/plugins/com.st.stm32cube.ide.mcu.externaltools.gnu-tools-for-stm32.7-2018-q2-update.win32_1.5.0.202011040924/tools/bin/../lib/gcc/arm-none-eabi/7.3.1/../../../../arm-none-eabi/lib/thumb/v6-m\libc_nano.a
LOAD g:/st/stm32cubeide_1.5.0/stm32cubeide/plugins/com.st.stm32cube.ide.mcu.externaltools.gnu-tools-for-stm32.7-2018-q2-update.win32_1.5.0.202011040924/tools/bin/../lib/gcc/arm-none-eabi/7.3.1/../../../../arm-none-eabi/lib/thumb/v6-m\libnosys.a
END GROUP
START GROUP
LOAD g:/st/stm32cubeide_1.5.0/stm32cubeide/plugins/com.st.stm32cube.ide.mcu.externaltools.gnu-tools-for-stm32.7-2018-q2-update.win32_1.5.0.202011040924/tools/bin/../lib/gcc/arm-none-eabi/7.3.1/thumb/v6-m\libgcc.a
LOAD g:/st/stm32cubeide_1.5.0/stm32cubeide/plugins/com.st.stm32cube.ide.mcu.externaltools.gnu-tools-for-stm32.7-2018-q2-update.win32_1.5.0.202011040924/tools/bin/../lib/gcc/arm-none-eabi/7.3.1/../../../../arm-none-eabi/lib/thumb/v6-m\libc_nano.a
LOAD g:/st/stm32cubeide_1.5.0/stm32cubeide/plugins/com.st.stm32cube.ide.mcu.externaltools.gnu-tools-for-stm32.7-2018-q2-update.win32_1.5.0.202011040924/tools/bin/../lib/gcc/arm-none-eabi/7.3.1/../../../../arm-none-eabi/lib/thumb/v6-m\libnosys.a
END GROUP
LOAD g:/st/stm32cubeide_1.5.0/stm32cubeide/plugins/com.st.stm32cube.ide.mcu.externaltools.gnu-tools-for-stm32.7-2018-q2-update.win32_1.5.0.202011040924/tools/bin/../lib/gcc/arm-none-eabi/7.3.1/thumb/v6-m/crtend.o
LOAD g:/st/stm32cubeide_1.5.0/stm32cubeide/plugins/com.st.stm32cube.ide.mcu.externaltools.gnu-tools-for-stm32.7-2018-q2-update.win32_1.5.0.202011040924/tools/bin/../lib/gcc/arm-none-eabi/7.3.1/thumb/v6-m/crtn.o
                0x0000000020002000                _estack = (ORIGIN (RAM) + LENGTH (RAM))
                0x0000000000000200                _Min_Heap_Size = 0x200
                0x0000000000000400                _Min_Stack_Size = 0x400

.isr_vector     0x0000000008000000       0xc0
                0x0000000008000000                . = ALIGN (0x4)
 *(.isr_vector)
 .isr_vector    0x0000000008000000       0xc0 Core/Startup/startup_stm32f030c8tx.o
                0x0000000008000000                g_pfnVectors
                0x00000000080000c0                . = ALIGN (0x4)

.text           0x00000000080000c0     0x3380
                0x00000000080000c0                . = ALIGN (0x4)
 *(.text)
 .text          0x00000000080000c0       0x48 g:/st/stm32cubeide_1.5.0/stm32cubeide/plugins/com.st.stm32cube.ide.mcu.externaltools.gnu-tools-for-stm32.7-2018-q2-update.win32_1.5.0.202011040924/tools/bin/../lib/gcc/arm-none-eabi/7.3.1/thumb/v6-m/crtbegin.o
 .text          0x0000000008000108      0x114 g:/st/stm32cubeide_1.5.0/stm32cubeide/plugins/com.st.stm32cube.ide.mcu.externaltools.gnu-tools-for-stm32.7-2018-q2-update.win32_1.5.0.202011040924/tools/bin/../lib/gcc/arm-none-eabi/7.3.1/thumb/v6-m\libgcc.a(_udivsi3.o)
                0x0000000008000108                __aeabi_uidiv
                0x0000000008000108                __udivsi3
                0x0000000008000214                __aeabi_uidivmod
 .text          0x000000000800021c        0x4 g:/st/stm32cubeide_1.5.0/stm32cubeide/plugins/com.st.stm32cube.ide.mcu.externaltools.gnu-tools-for-stm32.7-2018-q2-update.win32_1.5.0.202011040924/tools/bin/../lib/gcc/arm-none-eabi/7.3.1/thumb/v6-m\libgcc.a(_dvmd_tls.o)
                0x000000000800021c                __aeabi_idiv0
                0x000000000800021c                __aeabi_ldiv0
 .text          0x0000000008000220       0x7c g:/st/stm32cubeide_1.5.0/stm32cubeide/plugins/com.st.stm32cube.ide.mcu.externaltools.gnu-tools-for-stm32.7-2018-q2-update.win32_1.5.0.202011040924/tools/bin/../lib/gcc/arm-none-eabi/7.3.1/thumb/v6-m\libgcc.a(_arm_cmpdf2.o)
                0x0000000008000220                __aeabi_cdrcmple
                0x0000000008000230                __aeabi_cdcmple
                0x0000000008000230                __aeabi_cdcmpeq
                0x0000000008000240                __aeabi_dcmpeq
                0x000000000800024c                __aeabi_dcmplt
                0x0000000008000260                __aeabi_dcmple
                0x0000000008000274                __aeabi_dcmpgt
                0x0000000008000288                __aeabi_dcmpge
 .text          0x000000000800029c       0x74 g:/st/stm32cubeide_1.5.0/stm32cubeide/plugins/com.st.stm32cube.ide.mcu.externaltools.gnu-tools-for-stm32.7-2018-q2-update.win32_1.5.0.202011040924/tools/bin/../lib/gcc/arm-none-eabi/7.3.1/thumb/v6-m\libgcc.a(_arm_cmpsf2.o)
                0x000000000800029c                __aeabi_cfrcmple
                0x00000000080002a4                __aeabi_cfcmpeq
                0x00000000080002a4                __aeabi_cfcmple
                0x00000000080002b4                __aeabi_fcmpeq
                0x00000000080002c0                __aeabi_fcmplt
                0x00000000080002d4                __aeabi_fcmple
                0x00000000080002e8                __aeabi_fcmpgt
                0x00000000080002fc                __aeabi_fcmpge
 .text          0x0000000008000310       0x50 g:/st/stm32cubeide_1.5.0/stm32cubeide/plugins/com.st.stm32cube.ide.mcu.externaltools.gnu-tools-for-stm32.7-2018-q2-update.win32_1.5.0.202011040924/tools/bin/../lib/gcc/arm-none-eabi/7.3.1/thumb/v6-m\libgcc.a(eqsf2.o)
                0x0000000008000310                __eqsf2
                0x0000000008000310                __nesf2
 .text          0x0000000008000360       0x9c g:/st/stm32cubeide_1.5.0/stm32cubeide/plugins/com.st.stm32cube.ide.mcu.externaltools.gnu-tools-for-stm32.7-2018-q2-update.win32_1.5.0.202011040924/tools/bin/../lib/gcc/arm-none-eabi/7.3.1/thumb/v6-m\libgcc.a(gesf2.o)
                0x0000000008000360                __gesf2
                0x0000000008000360                __gtsf2
 .text          0x00000000080003fc       0xa0 g:/st/stm32cubeide_1.5.0/stm32cubeide/plugins/com.st.stm32cube.ide.mcu.externaltools.gnu-tools-for-stm32.7-2018-q2-update.win32_1.5.0.202011040924/tools/bin/../lib/gcc/arm-none-eabi/7.3.1/thumb/v6-m\libgcc.a(lesf2.o)
                0x00000000080003fc                __ltsf2
                0x00000000080003fc                __lesf2
 .text          0x000000000800049c      0x264 g:/st/stm32cubeide_1.5.0/stm32cubeide/plugins/com.st.stm32cube.ide.mcu.externaltools.gnu-tools-for-stm32.7-2018-q2-update.win32_1.5.0.202011040924/tools/bin/../lib/gcc/arm-none-eabi/7.3.1/thumb/v6-m\libgcc.a(mulsf3.o)
                0x000000000800049c                __aeabi_fmul
 .text          0x0000000008000700       0x94 g:/st/stm32cubeide_1.5.0/stm32cubeide/plugins/com.st.stm32cube.ide.mcu.externaltools.gnu-tools-for-stm32.7-2018-q2-update.win32_1.5.0.202011040924/tools/bin/../lib/gcc/arm-none-eabi/7.3.1/thumb/v6-m\libgcc.a(floatsisf.o)
                0x0000000008000700                __aeabi_i2f
 .text          0x0000000008000794       0x78 g:/st/stm32cubeide_1.5.0/stm32cubeide/plugins/com.st.stm32cube.ide.mcu.externaltools.gnu-tools-for-stm32.7-2018-q2-update.win32_1.5.0.202011040924/tools/bin/../lib/gcc/arm-none-eabi/7.3.1/thumb/v6-m\libgcc.a(eqdf2.o)
                0x0000000008000794                __nedf2
                0x0000000008000794                __eqdf2
 .text          0x000000000800080c       0xc8 g:/st/stm32cubeide_1.5.0/stm32cubeide/plugins/com.st.stm32cube.ide.mcu.externaltools.gnu-tools-for-stm32.7-2018-q2-update.win32_1.5.0.202011040924/tools/bin/../lib/gcc/arm-none-eabi/7.3.1/thumb/v6-m\libgcc.a(gedf2.o)
                0x000000000800080c                __gedf2
                0x000000000800080c                __gtdf2
 .text          0x00000000080008d4       0xd0 g:/st/stm32cubeide_1.5.0/stm32cubeide/plugins/com.st.stm32cube.ide.mcu.externaltools.gnu-tools-for-stm32.7-2018-q2-update.win32_1.5.0.202011040924/tools/bin/../lib/gcc/arm-none-eabi/7.3.1/thumb/v6-m\libgcc.a(ledf2.o)
                0x00000000080008d4                __ledf2
                0x00000000080008d4                __ltdf2
 .text          0x00000000080009a4       0xa4 g:/st/stm32cubeide_1.5.0/stm32cubeide/plugins/com.st.stm32cube.ide.mcu.externaltools.gnu-tools-for-stm32.7-2018-q2-update.win32_1.5.0.202011040924/tools/bin/../lib/gcc/arm-none-eabi/7.3.1/thumb/v6-m\libgcc.a(extendsfdf2.o)
                0x00000000080009a4                __aeabi_f2d
 .text          0x0000000008000a48       0x3c g:/st/stm32cubeide_1.5.0/stm32cubeide/plugins/com.st.stm32cube.ide.mcu.externaltools.gnu-tools-for-stm32.7-2018-q2-update.win32_1.5.0.202011040924/tools/bin/../lib/gcc/arm-none-eabi/7.3.1/thumb/v6-m\libgcc.a(_clzsi2.o)
                0x0000000008000a48                __clzsi2
 *(.text*)
 .text.LL_ADC_SetSamplingTimeCommonChannels
                0x0000000008000a84       0x24 Core/Src/adc.o
 .text.LL_ADC_REG_SetSequencerScanDirection
                0x0000000008000aa8       0x24 Core/Src/adc.o
 .text.LL_ADC_REG_SetSequencerChAdd
                0x0000000008000acc       0x22 Core/Src/adc.o
 *fill*         0x0000000008000aee        0x2 
 .text.LL_DMA_SetDataTransferDirection
                0x0000000008000af0       0x48 Core/Src/adc.o
 .text.LL_DMA_SetMode
                0x0000000008000b38       0x44 Core/Src/adc.o
 .text.LL_DMA_SetPeriphIncMode
                0x0000000008000b7c       0x44 Core/Src/adc.o
 .text.LL_DMA_SetMemoryIncMode
                0x0000000008000bc0       0x44 Core/Src/adc.o
 .text.LL_DMA_SetPeriphSize
                0x0000000008000c04       0x48 Core/Src/adc.o
 .text.LL_DMA_SetMemorySize
                0x0000000008000c4c       0x48 Core/Src/adc.o
 .text.LL_DMA_SetChannelPriorityLevel
                0x0000000008000c94       0x48 Core/Src/adc.o
 .text.LL_AHB1_GRP1_EnableClock
                0x0000000008000cdc       0x2c Core/Src/adc.o
 .text.LL_APB1_GRP2_EnableClock
                0x0000000008000d08       0x2c Core/Src/adc.o
 .text.MX_ADC_Init
                0x0000000008000d34      0x1a8 Core/Src/adc.o
                0x0000000008000d34                MX_ADC_Init
 .text.__NVIC_EnableIRQ
                0x0000000008000edc       0x34 Core/Src/dma.o
 .text.__NVIC_SetPriority
                0x0000000008000f10       0xdc Core/Src/dma.o
 .text.LL_AHB1_GRP1_EnableClock
                0x0000000008000fec       0x2c Core/Src/dma.o
 .text.MX_DMA_Init
                0x0000000008001018       0x1e Core/Src/dma.o
                0x0000000008001018                MX_DMA_Init
 *fill*         0x0000000008001036        0x2 
 .text.LL_AHB1_GRP1_EnableClock
                0x0000000008001038       0x2c Core/Src/gpio.o
 .text.LL_SYSCFG_SetEXTISource
                0x0000000008001064       0x4c Core/Src/gpio.o
 .text.LL_GPIO_SetPinMode
                0x00000000080010b0       0x3a Core/Src/gpio.o
 .text.LL_GPIO_SetPinPull
                0x00000000080010ea       0x3a Core/Src/gpio.o
 .text.LL_GPIO_ResetOutputPin
                0x0000000008001124       0x18 Core/Src/gpio.o
 .text.MX_GPIO_Init
                0x000000000800113c      0x470 Core/Src/gpio.o
                0x000000000800113c                MX_GPIO_Init
 .text.LL_ADC_DMA_GetRegAddr
                0x00000000080015ac       0x16 Core/Src/main.o
 *fill*         0x00000000080015c2        0x2 
 .text.LL_ADC_Enable
                0x00000000080015c4       0x24 Core/Src/main.o
 .text.LL_ADC_StartCalibration
                0x00000000080015e8       0x28 Core/Src/main.o
 .text.LL_ADC_IsCalibrationOnGoing
                0x0000000008001610       0x26 Core/Src/main.o
 *fill*         0x0000000008001636        0x2 
 .text.LL_ADC_REG_StartConversion
                0x0000000008001638       0x24 Core/Src/main.o
 .text.LL_DMA_EnableChannel
                0x000000000800165c       0x3c Core/Src/main.o
 .text.LL_DMA_SetDataLength
                0x0000000008001698       0x40 Core/Src/main.o
 .text.LL_DMA_SetMemoryAddress
                0x00000000080016d8       0x2c Core/Src/main.o
 .text.LL_DMA_SetPeriphAddress
                0x0000000008001704       0x2c Core/Src/main.o
 .text.LL_DMA_EnableIT_TC
                0x0000000008001730       0x3c Core/Src/main.o
 .text.LL_RCC_HSI_Enable
                0x000000000800176c       0x1c Core/Src/main.o
 .text.LL_RCC_HSI_IsReady
                0x0000000008001788       0x20 Core/Src/main.o
 .text.LL_RCC_HSI_SetCalibTrimming
                0x00000000080017a8       0x28 Core/Src/main.o
 .text.LL_RCC_HSI14_Enable
                0x00000000080017d0       0x1c Core/Src/main.o
 .text.LL_RCC_HSI14_IsReady
                0x00000000080017ec       0x20 Core/Src/main.o
 .text.LL_RCC_HSI14_EnableADCControl
                0x000000000800180c       0x1c Core/Src/main.o
 .text.LL_RCC_HSI14_SetCalibTrimming
                0x0000000008001828       0x28 Core/Src/main.o
 .text.LL_RCC_SetSysClkSource
                0x0000000008001850       0x28 Core/Src/main.o
 .text.LL_RCC_GetSysClkSource
                0x0000000008001878       0x18 Core/Src/main.o
 .text.LL_RCC_SetAHBPrescaler
                0x0000000008001890       0x28 Core/Src/main.o
 .text.LL_RCC_SetAPB1Prescaler
                0x00000000080018b8       0x2c Core/Src/main.o
 .text.LL_RCC_SetUSARTClockSource
                0x00000000080018e4       0x34 Core/Src/main.o
 .text.LL_APB1_GRP1_EnableClock
                0x0000000008001918       0x2c Core/Src/main.o
 .text.LL_APB1_GRP2_EnableClock
                0x0000000008001944       0x2c Core/Src/main.o
 .text.LL_FLASH_SetLatency
                0x0000000008001970       0x28 Core/Src/main.o
 .text.LL_FLASH_GetLatency
                0x0000000008001998       0x18 Core/Src/main.o
 .text.LL_TIM_EnableCounter
                0x00000000080019b0       0x1c Core/Src/main.o
 .text.LL_TIM_EnableIT_UPDATE
                0x00000000080019cc       0x1c Core/Src/main.o
 .text.LL_GPIO_ReadInputPort
                0x00000000080019e8       0x14 Core/Src/main.o
 .text.LL_GPIO_SetOutputPin
                0x00000000080019fc       0x18 Core/Src/main.o
 .text.LL_GPIO_ResetOutputPin
                0x0000000008001a14       0x18 Core/Src/main.o
 .text.LL_GPIO_TogglePin
                0x0000000008001a2c       0x2e Core/Src/main.o
 *fill*         0x0000000008001a5a        0x2 
 .text.main     0x0000000008001a5c      0x1e4 Core/Src/main.o
                0x0000000008001a5c                main
 .text.SystemClock_Config
                0x0000000008001c40       0x80 Core/Src/main.o
                0x0000000008001c40                SystemClock_Config
 .text.cal_min  0x0000000008001cc0       0x4c Core/Src/main.o
                0x0000000008001cc0                cal_min
 .text.check_err
                0x0000000008001d0c      0x3a4 Core/Src/main.o
                0x0000000008001d0c                check_err
 .text.adc_init
                0x00000000080020b0       0x94 Core/Src/main.o
                0x00000000080020b0                adc_init
 .text.LL_DMA_IsActiveFlag_TC1
                0x0000000008002144       0x20 Core/Src/stm32f0xx_it.o
 .text.LL_DMA_ClearFlag_TC1
                0x0000000008002164       0x16 Core/Src/stm32f0xx_it.o
 .text.LL_TIM_ClearFlag_UPDATE
                0x000000000800217a       0x18 Core/Src/stm32f0xx_it.o
 .text.LL_TIM_IsActiveFlag_UPDATE
                0x0000000008002192       0x22 Core/Src/stm32f0xx_it.o
 .text.NMI_Handler
                0x00000000080021b4        0x6 Core/Src/stm32f0xx_it.o
                0x00000000080021b4                NMI_Handler
 .text.HardFault_Handler
                0x00000000080021ba        0x6 Core/Src/stm32f0xx_it.o
                0x00000000080021ba                HardFault_Handler
 .text.SVC_Handler
                0x00000000080021c0        0xa Core/Src/stm32f0xx_it.o
                0x00000000080021c0                SVC_Handler
 .text.PendSV_Handler
                0x00000000080021ca        0xa Core/Src/stm32f0xx_it.o
                0x00000000080021ca                PendSV_Handler
 .text.SysTick_Handler
                0x00000000080021d4        0xa Core/Src/stm32f0xx_it.o
                0x00000000080021d4                SysTick_Handler
 *fill*         0x00000000080021de        0x2 
 .text.DMA1_Channel1_IRQHandler
                0x00000000080021e0       0x64 Core/Src/stm32f0xx_it.o
                0x00000000080021e0                DMA1_Channel1_IRQHandler
 .text.TIM3_IRQHandler
                0x0000000008002244       0x7c Core/Src/stm32f0xx_it.o
                0x0000000008002244                TIM3_IRQHandler
 .text.USART1_IRQHandler
                0x00000000080022c0        0xa Core/Src/stm32f0xx_it.o
                0x00000000080022c0                USART1_IRQHandler
 .text.SystemInit
                0x00000000080022ca        0xa Core/Src/system_stm32f0xx.o
                0x00000000080022ca                SystemInit
 .text.__NVIC_EnableIRQ
                0x00000000080022d4       0x34 Core/Src/tim.o
 .text.__NVIC_SetPriority
                0x0000000008002308       0xdc Core/Src/tim.o
 .text.LL_APB1_GRP1_EnableClock
                0x00000000080023e4       0x2c Core/Src/tim.o
 .text.LL_TIM_DisableARRPreload
                0x0000000008002410       0x1e Core/Src/tim.o
 *fill*         0x000000000800242e        0x2 
 .text.LL_TIM_SetClockSource
                0x0000000008002430       0x28 Core/Src/tim.o
 .text.LL_TIM_SetTriggerOutput
                0x0000000008002458       0x24 Core/Src/tim.o
 .text.LL_TIM_DisableMasterSlaveMode
                0x000000000800247c       0x1e Core/Src/tim.o
 *fill*         0x000000000800249a        0x2 
 .text.MX_TIM3_Init
                0x000000000800249c       0x80 Core/Src/tim.o
                0x000000000800249c                MX_TIM3_Init
 .text.__NVIC_EnableIRQ
                0x000000000800251c       0x34 Core/Src/usart.o
 .text.__NVIC_SetPriority
                0x0000000008002550       0xdc Core/Src/usart.o
 .text.LL_AHB1_GRP1_EnableClock
                0x000000000800262c       0x2c Core/Src/usart.o
 .text.LL_APB1_GRP2_EnableClock
                0x0000000008002658       0x2c Core/Src/usart.o
 .text.LL_USART_Enable
                0x0000000008002684       0x1c Core/Src/usart.o
 .text.LL_USART_ConfigAsyncMode
                0x00000000080026a0       0x30 Core/Src/usart.o
 .text.LL_USART_DisableIT_CTS
                0x00000000080026d0       0x20 Core/Src/usart.o
 .text.MX_USART1_UART_Init
                0x00000000080026f0      0x10c Core/Src/usart.o
                0x00000000080026f0                MX_USART1_UART_Init
 .text.Reset_Handler
                0x00000000080027fc       0x50 Core/Startup/startup_stm32f030c8tx.o
                0x00000000080027fc                Reset_Handler
 .text.Default_Handler
                0x000000000800284c        0x2 Core/Startup/startup_stm32f030c8tx.o
                0x000000000800284c                TIM1_CC_IRQHandler
                0x000000000800284c                TIM6_IRQHandler
                0x000000000800284c                I2C1_IRQHandler
                0x000000000800284c                SPI1_IRQHandler
                0x000000000800284c                EXTI2_3_IRQHandler
                0x000000000800284c                ADC1_IRQHandler
                0x000000000800284c                I2C2_IRQHandler
                0x000000000800284c                TIM17_IRQHandler
                0x000000000800284c                RTC_IRQHandler
                0x000000000800284c                TIM16_IRQHandler
                0x000000000800284c                EXTI4_15_IRQHandler
                0x000000000800284c                RCC_IRQHandler
                0x000000000800284c                Default_Handler
                0x000000000800284c                TIM14_IRQHandler
                0x000000000800284c                DMA1_Channel4_5_IRQHandler
                0x000000000800284c                TIM15_IRQHandler
                0x000000000800284c                EXTI0_1_IRQHandler
                0x000000000800284c                SPI2_IRQHandler
                0x000000000800284c                WWDG_IRQHandler
                0x000000000800284c                DMA1_Channel2_3_IRQHandler
                0x000000000800284c                USART2_IRQHandler
                0x000000000800284c                FLASH_IRQHandler
                0x000000000800284c                TIM1_BRK_UP_TRG_COM_IRQHandler
 .text.LL_ADC_IsEnabled
                0x000000000800284e       0x20 Drivers/STM32F0xx_HAL_Driver/Src/stm32f0xx_ll_adc.o
 *fill*         0x000000000800286e        0x2 
 .text.LL_ADC_Init
                0x0000000008002870       0x6c Drivers/STM32F0xx_HAL_Driver/Src/stm32f0xx_ll_adc.o
                0x0000000008002870                LL_ADC_Init
 .text.LL_ADC_REG_Init
                0x00000000080028dc       0x64 Drivers/STM32F0xx_HAL_Driver/Src/stm32f0xx_ll_adc.o
                0x00000000080028dc                LL_ADC_REG_Init
 .text.LL_EXTI_EnableIT_0_31
                0x0000000008002940       0x20 Drivers/STM32F0xx_HAL_Driver/Src/stm32f0xx_ll_exti.o
 .text.LL_EXTI_DisableIT_0_31
                0x0000000008002960       0x24 Drivers/STM32F0xx_HAL_Driver/Src/stm32f0xx_ll_exti.o
 .text.LL_EXTI_EnableEvent_0_31
                0x0000000008002984       0x20 Drivers/STM32F0xx_HAL_Driver/Src/stm32f0xx_ll_exti.o
 .text.LL_EXTI_DisableEvent_0_31
                0x00000000080029a4       0x24 Drivers/STM32F0xx_HAL_Driver/Src/stm32f0xx_ll_exti.o
 .text.LL_EXTI_EnableRisingTrig_0_31
                0x00000000080029c8       0x20 Drivers/STM32F0xx_HAL_Driver/Src/stm32f0xx_ll_exti.o
 .text.LL_EXTI_DisableRisingTrig_0_31
                0x00000000080029e8       0x24 Drivers/STM32F0xx_HAL_Driver/Src/stm32f0xx_ll_exti.o
 .text.LL_EXTI_EnableFallingTrig_0_31
                0x0000000008002a0c       0x20 Drivers/STM32F0xx_HAL_Driver/Src/stm32f0xx_ll_exti.o
 .text.LL_EXTI_DisableFallingTrig_0_31
                0x0000000008002a2c       0x24 Drivers/STM32F0xx_HAL_Driver/Src/stm32f0xx_ll_exti.o
 .text.LL_EXTI_Init
                0x0000000008002a50      0x10a Drivers/STM32F0xx_HAL_Driver/Src/stm32f0xx_ll_exti.o
                0x0000000008002a50                LL_EXTI_Init
 .text.LL_GPIO_SetPinMode
                0x0000000008002b5a       0x3a Drivers/STM32F0xx_HAL_Driver/Src/stm32f0xx_ll_gpio.o
 .text.LL_GPIO_SetPinOutputType
                0x0000000008002b94       0x2a Drivers/STM32F0xx_HAL_Driver/Src/stm32f0xx_ll_gpio.o
 .text.LL_GPIO_SetPinSpeed
                0x0000000008002bbe       0x3a Drivers/STM32F0xx_HAL_Driver/Src/stm32f0xx_ll_gpio.o
 .text.LL_GPIO_SetPinPull
                0x0000000008002bf8       0x3a Drivers/STM32F0xx_HAL_Driver/Src/stm32f0xx_ll_gpio.o
 .text.LL_GPIO_SetAFPin_0_7
                0x0000000008002c32       0x4a Drivers/STM32F0xx_HAL_Driver/Src/stm32f0xx_ll_gpio.o
 .text.LL_GPIO_SetAFPin_8_15
                0x0000000008002c7c       0x5a Drivers/STM32F0xx_HAL_Driver/Src/stm32f0xx_ll_gpio.o
 .text.LL_GPIO_Init
                0x0000000008002cd6       0xb8 Drivers/STM32F0xx_HAL_Driver/Src/stm32f0xx_ll_gpio.o
                0x0000000008002cd6                LL_GPIO_Init
 *fill*         0x0000000008002d8e        0x2 
 .text.LL_RCC_HSI_IsReady
                0x0000000008002d90       0x20 Drivers/STM32F0xx_HAL_Driver/Src/stm32f0xx_ll_rcc.o
 .text.LL_RCC_LSE_IsReady
                0x0000000008002db0       0x20 Drivers/STM32F0xx_HAL_Driver/Src/stm32f0xx_ll_rcc.o
 .text.LL_RCC_GetSysClkSource
                0x0000000008002dd0       0x18 Drivers/STM32F0xx_HAL_Driver/Src/stm32f0xx_ll_rcc.o
 .text.LL_RCC_GetAHBPrescaler
                0x0000000008002de8       0x18 Drivers/STM32F0xx_HAL_Driver/Src/stm32f0xx_ll_rcc.o
 .text.LL_RCC_GetAPB1Prescaler
                0x0000000008002e00       0x18 Drivers/STM32F0xx_HAL_Driver/Src/stm32f0xx_ll_rcc.o
 .text.LL_RCC_GetUSARTClockSource
                0x0000000008002e18       0x28 Drivers/STM32F0xx_HAL_Driver/Src/stm32f0xx_ll_rcc.o
 .text.LL_RCC_PLL_GetMainSource
                0x0000000008002e40       0x18 Drivers/STM32F0xx_HAL_Driver/Src/stm32f0xx_ll_rcc.o
 .text.LL_RCC_PLL_GetMultiplicator
                0x0000000008002e58       0x18 Drivers/STM32F0xx_HAL_Driver/Src/stm32f0xx_ll_rcc.o
 .text.LL_RCC_PLL_GetPrediv
                0x0000000008002e70       0x18 Drivers/STM32F0xx_HAL_Driver/Src/stm32f0xx_ll_rcc.o
 .text.LL_RCC_GetSystemClocksFreq
                0x0000000008002e88       0x3a Drivers/STM32F0xx_HAL_Driver/Src/stm32f0xx_ll_rcc.o
                0x0000000008002e88                LL_RCC_GetSystemClocksFreq
 *fill*         0x0000000008002ec2        0x2 
 .text.LL_RCC_GetUSARTClockFreq
                0x0000000008002ec4       0x84 Drivers/STM32F0xx_HAL_Driver/Src/stm32f0xx_ll_rcc.o
                0x0000000008002ec4                LL_RCC_GetUSARTClockFreq
 .text.RCC_GetSystemClockFreq
                0x0000000008002f48       0x48 Drivers/STM32F0xx_HAL_Driver/Src/stm32f0xx_ll_rcc.o
                0x0000000008002f48                RCC_GetSystemClockFreq
 .text.RCC_GetHCLKClockFreq
                0x0000000008002f90       0x2c Drivers/STM32F0xx_HAL_Driver/Src/stm32f0xx_ll_rcc.o
                0x0000000008002f90                RCC_GetHCLKClockFreq
 .text.RCC_GetPCLK1ClockFreq
                0x0000000008002fbc       0x28 Drivers/STM32F0xx_HAL_Driver/Src/stm32f0xx_ll_rcc.o
                0x0000000008002fbc                RCC_GetPCLK1ClockFreq
 .text.RCC_PLL_GetFreqDomain_SYS
                0x0000000008002fe4       0x6c Drivers/STM32F0xx_HAL_Driver/Src/stm32f0xx_ll_rcc.o
                0x0000000008002fe4                RCC_PLL_GetFreqDomain_SYS
 .text.LL_TIM_SetPrescaler
                0x0000000008003050       0x18 Drivers/STM32F0xx_HAL_Driver/Src/stm32f0xx_ll_tim.o
 .text.LL_TIM_SetAutoReload
                0x0000000008003068       0x18 Drivers/STM32F0xx_HAL_Driver/Src/stm32f0xx_ll_tim.o
 .text.LL_TIM_SetRepetitionCounter
                0x0000000008003080       0x18 Drivers/STM32F0xx_HAL_Driver/Src/stm32f0xx_ll_tim.o
 .text.LL_TIM_GenerateEvent_UPDATE
                0x0000000008003098       0x1c Drivers/STM32F0xx_HAL_Driver/Src/stm32f0xx_ll_tim.o
 .text.LL_TIM_Init
                0x00000000080030b4       0xf0 Drivers/STM32F0xx_HAL_Driver/Src/stm32f0xx_ll_tim.o
                0x00000000080030b4                LL_TIM_Init
 .text.LL_USART_IsEnabled
                0x00000000080031a4       0x22 Drivers/STM32F0xx_HAL_Driver/Src/stm32f0xx_ll_usart.o
 *fill*         0x00000000080031c6        0x2 
 .text.LL_USART_SetStopBitsLength
                0x00000000080031c8       0x28 Drivers/STM32F0xx_HAL_Driver/Src/stm32f0xx_ll_usart.o
 .text.LL_USART_SetHWFlowCtrl
                0x00000000080031f0       0x28 Drivers/STM32F0xx_HAL_Driver/Src/stm32f0xx_ll_usart.o
 .text.LL_USART_SetBaudRate
                0x0000000008003218       0x78 Drivers/STM32F0xx_HAL_Driver/Src/stm32f0xx_ll_usart.o
 .text.LL_USART_Init
                0x0000000008003290       0xd0 Drivers/STM32F0xx_HAL_Driver/Src/stm32f0xx_ll_usart.o
                0x0000000008003290                LL_USART_Init
 .text.LL_InitTick
                0x0000000008003360       0x34 Drivers/STM32F0xx_HAL_Driver/Src/stm32f0xx_ll_utils.o
 .text.LL_Init1msTick
                0x0000000008003394       0x1e Drivers/STM32F0xx_HAL_Driver/Src/stm32f0xx_ll_utils.o
                0x0000000008003394                LL_Init1msTick
 *fill*         0x00000000080033b2        0x2 
 .text.LL_SetSystemCoreClock
                0x00000000080033b4       0x1c Drivers/STM32F0xx_HAL_Driver/Src/stm32f0xx_ll_utils.o
                0x00000000080033b4                LL_SetSystemCoreClock
 .text.__libc_init_array
                0x00000000080033d0       0x48 g:/st/stm32cubeide_1.5.0/stm32cubeide/plugins/com.st.stm32cube.ide.mcu.externaltools.gnu-tools-for-stm32.7-2018-q2-update.win32_1.5.0.202011040924/tools/bin/../lib/gcc/arm-none-eabi/7.3.1/../../../../arm-none-eabi/lib/thumb/v6-m\libc_nano.a(lib_a-init.o)
                0x00000000080033d0                __libc_init_array
 .text.memset   0x0000000008003418       0x10 g:/st/stm32cubeide_1.5.0/stm32cubeide/plugins/com.st.stm32cube.ide.mcu.externaltools.gnu-tools-for-stm32.7-2018-q2-update.win32_1.5.0.202011040924/tools/bin/../lib/gcc/arm-none-eabi/7.3.1/../../../../arm-none-eabi/lib/thumb/v6-m\libc_nano.a(lib_a-memset.o)
                0x0000000008003418                memset
 *(.glue_7)
 .glue_7        0x0000000008003428        0x0 linker stubs
 *(.glue_7t)
 .glue_7t       0x0000000008003428        0x0 linker stubs
 *(.eh_frame)
 .eh_frame      0x0000000008003428        0x0 g:/st/stm32cubeide_1.5.0/stm32cubeide/plugins/com.st.stm32cube.ide.mcu.externaltools.gnu-tools-for-stm32.7-2018-q2-update.win32_1.5.0.202011040924/tools/bin/../lib/gcc/arm-none-eabi/7.3.1/thumb/v6-m/crtbegin.o
 *(.init)
 .init          0x0000000008003428        0x4 g:/st/stm32cubeide_1.5.0/stm32cubeide/plugins/com.st.stm32cube.ide.mcu.externaltools.gnu-tools-for-stm32.7-2018-q2-update.win32_1.5.0.202011040924/tools/bin/../lib/gcc/arm-none-eabi/7.3.1/thumb/v6-m/crti.o
                0x0000000008003428                _init
 .init          0x000000000800342c        0x8 g:/st/stm32cubeide_1.5.0/stm32cubeide/plugins/com.st.stm32cube.ide.mcu.externaltools.gnu-tools-for-stm32.7-2018-q2-update.win32_1.5.0.202011040924/tools/bin/../lib/gcc/arm-none-eabi/7.3.1/thumb/v6-m/crtn.o
 *(.fini)
 .fini          0x0000000008003434        0x4 g:/st/stm32cubeide_1.5.0/stm32cubeide/plugins/com.st.stm32cube.ide.mcu.externaltools.gnu-tools-for-stm32.7-2018-q2-update.win32_1.5.0.202011040924/tools/bin/../lib/gcc/arm-none-eabi/7.3.1/thumb/v6-m/crti.o
                0x0000000008003434                _fini
 .fini          0x0000000008003438        0x8 g:/st/stm32cubeide_1.5.0/stm32cubeide/plugins/com.st.stm32cube.ide.mcu.externaltools.gnu-tools-for-stm32.7-2018-q2-update.win32_1.5.0.202011040924/tools/bin/../lib/gcc/arm-none-eabi/7.3.1/thumb/v6-m/crtn.o
                0x0000000008003440                . = ALIGN (0x4)
                0x0000000008003440                _etext = .

.vfp11_veneer   0x0000000008003440        0x0
 .vfp11_veneer  0x0000000008003440        0x0 linker stubs

.v4_bx          0x0000000008003440        0x0
 .v4_bx         0x0000000008003440        0x0 linker stubs

.iplt           0x0000000008003440        0x0
 .iplt          0x0000000008003440        0x0 g:/st/stm32cubeide_1.5.0/stm32cubeide/plugins/com.st.stm32cube.ide.mcu.externaltools.gnu-tools-for-stm32.7-2018-q2-update.win32_1.5.0.202011040924/tools/bin/../lib/gcc/arm-none-eabi/7.3.1/thumb/v6-m/crtbegin.o

.rodata         0x0000000008003440       0x68
                0x0000000008003440                . = ALIGN (0x4)
 *(.rodata)
 .rodata        0x0000000008003440       0x40 g:/st/stm32cubeide_1.5.0/stm32cubeide/plugins/com.st.stm32cube.ide.mcu.externaltools.gnu-tools-for-stm32.7-2018-q2-update.win32_1.5.0.202011040924/tools/bin/../lib/gcc/arm-none-eabi/7.3.1/thumb/v6-m\libgcc.a(mulsf3.o)
 *(.rodata*)
 .rodata.CHANNEL_OFFSET_TAB
                0x0000000008003480        0x5 Core/Src/adc.o
 *fill*         0x0000000008003485        0x3 
 .rodata.CHANNEL_OFFSET_TAB
                0x0000000008003488        0x5 Core/Src/main.o
 *fill*         0x000000000800348d        0x3 
 .rodata.AHBPrescTable
                0x0000000008003490       0x10 Core/Src/system_stm32f0xx.o
                0x0000000008003490                AHBPrescTable
 .rodata.APBPrescTable
                0x00000000080034a0        0x8 Core/Src/system_stm32f0xx.o
                0x00000000080034a0                APBPrescTable
                0x00000000080034a8                . = ALIGN (0x4)

.rel.dyn        0x00000000080034a8        0x0
 .rel.iplt      0x00000000080034a8        0x0 g:/st/stm32cubeide_1.5.0/stm32cubeide/plugins/com.st.stm32cube.ide.mcu.externaltools.gnu-tools-for-stm32.7-2018-q2-update.win32_1.5.0.202011040924/tools/bin/../lib/gcc/arm-none-eabi/7.3.1/thumb/v6-m/crtbegin.o

.ARM.extab      0x00000000080034a8        0x0
                0x00000000080034a8                . = ALIGN (0x4)
 *(.ARM.extab* .gnu.linkonce.armextab.*)
                0x00000000080034a8                . = ALIGN (0x4)

.ARM            0x00000000080034a8        0x0
                0x00000000080034a8                . = ALIGN (0x4)
                0x00000000080034a8                __exidx_start = .
 *(.ARM.exidx*)
                0x00000000080034a8                __exidx_end = .
                0x00000000080034a8                . = ALIGN (0x4)

.preinit_array  0x00000000080034a8        0x0
                0x00000000080034a8                . = ALIGN (0x4)
                0x00000000080034a8                PROVIDE (__preinit_array_start = .)
 *(.preinit_array*)
                0x00000000080034a8                PROVIDE (__preinit_array_end = .)
                0x00000000080034a8                . = ALIGN (0x4)

.init_array     0x00000000080034a8        0x4
                0x00000000080034a8                . = ALIGN (0x4)
                0x00000000080034a8                PROVIDE (__init_array_start = .)
 *(SORT_BY_NAME(.init_array.*))
 *(.init_array*)
 .init_array    0x00000000080034a8        0x4 g:/st/stm32cubeide_1.5.0/stm32cubeide/plugins/com.st.stm32cube.ide.mcu.externaltools.gnu-tools-for-stm32.7-2018-q2-update.win32_1.5.0.202011040924/tools/bin/../lib/gcc/arm-none-eabi/7.3.1/thumb/v6-m/crtbegin.o
                0x00000000080034ac                PROVIDE (__init_array_end = .)
                0x00000000080034ac                . = ALIGN (0x4)

.fini_array     0x00000000080034ac        0x4
                0x00000000080034ac                . = ALIGN (0x4)
                [!provide]                        PROVIDE (__fini_array_start = .)
 *(SORT_BY_NAME(.fini_array.*))
 *(.fini_array*)
 .fini_array    0x00000000080034ac        0x4 g:/st/stm32cubeide_1.5.0/stm32cubeide/plugins/com.st.stm32cube.ide.mcu.externaltools.gnu-tools-for-stm32.7-2018-q2-update.win32_1.5.0.202011040924/tools/bin/../lib/gcc/arm-none-eabi/7.3.1/thumb/v6-m/crtbegin.o
                [!provide]                        PROVIDE (__fini_array_end = .)
                0x00000000080034b0                . = ALIGN (0x4)
                0x00000000080034b0                _sidata = LOADADDR (.data)

.data           0x0000000020000000        0x4 load address 0x00000000080034b0
                0x0000000020000000                . = ALIGN (0x4)
                0x0000000020000000                _sdata = .
 *(.data)
 *(.data*)
 .data.SystemCoreClock
                0x0000000020000000        0x4 Core/Src/system_stm32f0xx.o
                0x0000000020000000                SystemCoreClock
 *(.RamFunc)
 *(.RamFunc*)
                0x0000000020000004                . = ALIGN (0x4)
                0x0000000020000004                _edata = .

.igot.plt       0x0000000020000004        0x0 load address 0x00000000080034b4
 .igot.plt      0x0000000020000004        0x0 g:/st/stm32cubeide_1.5.0/stm32cubeide/plugins/com.st.stm32cube.ide.mcu.externaltools.gnu-tools-for-stm32.7-2018-q2-update.win32_1.5.0.202011040924/tools/bin/../lib/gcc/arm-none-eabi/7.3.1/thumb/v6-m/crtbegin.o
                0x0000000020000004                . = ALIGN (0x4)

.bss            0x0000000020000004      0x198 load address 0x00000000080034b4
                0x0000000020000004                _sbss = .
                0x0000000020000004                __bss_start__ = _sbss
 *(.bss)
 .bss           0x0000000020000004       0x1c g:/st/stm32cubeide_1.5.0/stm32cubeide/plugins/com.st.stm32cube.ide.mcu.externaltools.gnu-tools-for-stm32.7-2018-q2-update.win32_1.5.0.202011040924/tools/bin/../lib/gcc/arm-none-eabi/7.3.1/thumb/v6-m/crtbegin.o
 *(.bss*)
 .bss.adc_val   0x0000000020000020        0x6 Core/Src/main.o
                0x0000000020000020                adc_val
 *fill*         0x0000000020000026        0x2 
 .bss.old_thick
                0x0000000020000028        0x4 Core/Src/main.o
                0x0000000020000028                old_thick
 .bss.mscnt     0x000000002000002c        0x4 Core/Src/main.o
                0x000000002000002c                mscnt
 .bss.start_cnt
                0x0000000020000030        0x4 Core/Src/main.o
                0x0000000020000030                start_cnt
 .bss.mute      0x0000000020000034        0x1 Core/Src/main.o
                0x0000000020000034                mute
 .bss.new_val   0x0000000020000035        0x1 Core/Src/main.o
                0x0000000020000035                new_val
 .bss.sample_cnt
                0x0000000020000036        0x1 Core/Src/main.o
                0x0000000020000036                sample_cnt
 *fill*         0x0000000020000037        0x1 
 .bss.fr        0x0000000020000038        0x2 Core/Src/main.o
                0x0000000020000038                fr
 .bss.pulse     0x000000002000003a        0x2 Core/Src/main.o
                0x000000002000003a                pulse
 .bss.freq      0x000000002000003c        0x2 Core/Src/main.o
                0x000000002000003c                freq
 .bss.adc       0x000000002000003e        0x1 Core/Src/stm32f0xx_it.o
                0x000000002000003e                adc
 .bss.working   0x000000002000003f        0x1 Core/Src/stm32f0xx_it.o
                0x000000002000003f                working
 .bss.thick     0x0000000020000040        0x4 Core/Src/stm32f0xx_it.o
                0x0000000020000040                thick
 .bss.working_time
                0x0000000020000044        0x4 Core/Src/stm32f0xx_it.o
                0x0000000020000044                working_time
 *(COMMON)
 COMMON         0x0000000020000048      0x14c Core/Src/main.o
                0x0000000020000048                vbat
                0x000000002000004c                samples
                0x000000002000018c                vac_sample
                0x0000000020000190                vadc
 COMMON         0x0000000020000194        0x6 Core/Src/stm32f0xx_it.o
                0x0000000020000194                vac_sample_int
                0x0000000020000196                vadc_int
                0x0000000020000198                vbat_int
                0x000000002000019c                . = ALIGN (0x4)
 *fill*         0x000000002000019a        0x2 
                0x000000002000019c                _ebss = .
                0x000000002000019c                __bss_end__ = _ebss

._user_heap_stack
                0x000000002000019c      0x604 load address 0x00000000080034b4
                0x00000000200001a0                . = ALIGN (0x8)
 *fill*         0x000000002000019c        0x4 
                [!provide]                        PROVIDE (end = .)
                0x00000000200001a0                PROVIDE (_end = .)
                0x00000000200003a0                . = (. + _Min_Heap_Size)
 *fill*         0x00000000200001a0      0x200 
                0x00000000200007a0                . = (. + _Min_Stack_Size)
 *fill*         0x00000000200003a0      0x400 
                0x00000000200007a0                . = ALIGN (0x8)

/DISCARD/
 libc.a(*)
 libm.a(*)
 libgcc.a(*)

.ARM.attributes
                0x0000000000000000       0x28
 *(.ARM.attributes)
 .ARM.attributes
                0x0000000000000000       0x1e g:/st/stm32cubeide_1.5.0/stm32cubeide/plugins/com.st.stm32cube.ide.mcu.externaltools.gnu-tools-for-stm32.7-2018-q2-update.win32_1.5.0.202011040924/tools/bin/../lib/gcc/arm-none-eabi/7.3.1/thumb/v6-m/crti.o
 .ARM.attributes
                0x000000000000001e       0x2c g:/st/stm32cubeide_1.5.0/stm32cubeide/plugins/com.st.stm32cube.ide.mcu.externaltools.gnu-tools-for-stm32.7-2018-q2-update.win32_1.5.0.202011040924/tools/bin/../lib/gcc/arm-none-eabi/7.3.1/thumb/v6-m/crtbegin.o
 .ARM.attributes
                0x000000000000004a       0x31 Core/Src/adc.o
 .ARM.attributes
                0x000000000000007b       0x31 Core/Src/dma.o
 .ARM.attributes
                0x00000000000000ac       0x31 Core/Src/gpio.o
 .ARM.attributes
                0x00000000000000dd       0x31 Core/Src/main.o
 .ARM.attributes
                0x000000000000010e       0x31 Core/Src/stm32f0xx_it.o
 .ARM.attributes
                0x000000000000013f       0x31 Core/Src/system_stm32f0xx.o
 .ARM.attributes
                0x0000000000000170       0x31 Core/Src/tim.o
 .ARM.attributes
                0x00000000000001a1       0x31 Core/Src/usart.o
 .ARM.attributes
                0x00000000000001d2       0x21 Core/Startup/startup_stm32f030c8tx.o
 .ARM.attributes
                0x00000000000001f3       0x31 Drivers/STM32F0xx_HAL_Driver/Src/stm32f0xx_ll_adc.o
 .ARM.attributes
                0x0000000000000224       0x31 Drivers/STM32F0xx_HAL_Driver/Src/stm32f0xx_ll_exti.o
 .ARM.attributes
                0x0000000000000255       0x31 Drivers/STM32F0xx_HAL_Driver/Src/stm32f0xx_ll_gpio.o
 .ARM.attributes
                0x0000000000000286       0x31 Drivers/STM32F0xx_HAL_Driver/Src/stm32f0xx_ll_rcc.o
 .ARM.attributes
                0x00000000000002b7       0x31 Drivers/STM32F0xx_HAL_Driver/Src/stm32f0xx_ll_tim.o
 .ARM.attributes
                0x00000000000002e8       0x31 Drivers/STM32F0xx_HAL_Driver/Src/stm32f0xx_ll_usart.o
 .ARM.attributes
                0x0000000000000319       0x31 Drivers/STM32F0xx_HAL_Driver/Src/stm32f0xx_ll_utils.o
 .ARM.attributes
                0x000000000000034a       0x2c g:/st/stm32cubeide_1.5.0/stm32cubeide/plugins/com.st.stm32cube.ide.mcu.externaltools.gnu-tools-for-stm32.7-2018-q2-update.win32_1.5.0.202011040924/tools/bin/../lib/gcc/arm-none-eabi/7.3.1/../../../../arm-none-eabi/lib/thumb/v6-m\libc_nano.a(lib_a-init.o)
 .ARM.attributes
                0x0000000000000376       0x2c g:/st/stm32cubeide_1.5.0/stm32cubeide/plugins/com.st.stm32cube.ide.mcu.externaltools.gnu-tools-for-stm32.7-2018-q2-update.win32_1.5.0.202011040924/tools/bin/../lib/gcc/arm-none-eabi/7.3.1/../../../../arm-none-eabi/lib/thumb/v6-m\libc_nano.a(lib_a-memset.o)
 .ARM.attributes
                0x00000000000003a2       0x1e g:/st/stm32cubeide_1.5.0/stm32cubeide/plugins/com.st.stm32cube.ide.mcu.externaltools.gnu-tools-for-stm32.7-2018-q2-update.win32_1.5.0.202011040924/tools/bin/../lib/gcc/arm-none-eabi/7.3.1/thumb/v6-m\libgcc.a(_udivsi3.o)
 .ARM.attributes
                0x00000000000003c0       0x1e g:/st/stm32cubeide_1.5.0/stm32cubeide/plugins/com.st.stm32cube.ide.mcu.externaltools.gnu-tools-for-stm32.7-2018-q2-update.win32_1.5.0.202011040924/tools/bin/../lib/gcc/arm-none-eabi/7.3.1/thumb/v6-m\libgcc.a(_dvmd_tls.o)
 .ARM.attributes
                0x00000000000003de       0x1e g:/st/stm32cubeide_1.5.0/stm32cubeide/plugins/com.st.stm32cube.ide.mcu.externaltools.gnu-tools-for-stm32.7-2018-q2-update.win32_1.5.0.202011040924/tools/bin/../lib/gcc/arm-none-eabi/7.3.1/thumb/v6-m\libgcc.a(_arm_cmpdf2.o)
 .ARM.attributes
                0x00000000000003fc       0x1e g:/st/stm32cubeide_1.5.0/stm32cubeide/plugins/com.st.stm32cube.ide.mcu.externaltools.gnu-tools-for-stm32.7-2018-q2-update.win32_1.5.0.202011040924/tools/bin/../lib/gcc/arm-none-eabi/7.3.1/thumb/v6-m\libgcc.a(_arm_cmpsf2.o)
 .ARM.attributes
                0x000000000000041a       0x2c g:/st/stm32cubeide_1.5.0/stm32cubeide/plugins/com.st.stm32cube.ide.mcu.externaltools.gnu-tools-for-stm32.7-2018-q2-update.win32_1.5.0.202011040924/tools/bin/../lib/gcc/arm-none-eabi/7.3.1/thumb/v6-m\libgcc.a(eqsf2.o)
 .ARM.attributes
                0x0000000000000446       0x2c g:/st/stm32cubeide_1.5.0/stm32cubeide/plugins/com.st.stm32cube.ide.mcu.externaltools.gnu-tools-for-stm32.7-2018-q2-update.win32_1.5.0.202011040924/tools/bin/../lib/gcc/arm-none-eabi/7.3.1/thumb/v6-m\libgcc.a(gesf2.o)
 .ARM.attributes
                0x0000000000000472       0x2c g:/st/stm32cubeide_1.5.0/stm32cubeide/plugins/com.st.stm32cube.ide.mcu.externaltools.gnu-tools-for-stm32.7-2018-q2-update.win32_1.5.0.202011040924/tools/bin/../lib/gcc/arm-none-eabi/7.3.1/thumb/v6-m\libgcc.a(lesf2.o)
 .ARM.attributes
                0x000000000000049e       0x2c g:/st/stm32cubeide_1.5.0/stm32cubeide/plugins/com.st.stm32cube.ide.mcu.externaltools.gnu-tools-for-stm32.7-2018-q2-update.win32_1.5.0.202011040924/tools/bin/../lib/gcc/arm-none-eabi/7.3.1/thumb/v6-m\libgcc.a(mulsf3.o)
 .ARM.attributes
                0x00000000000004ca       0x2c g:/st/stm32cubeide_1.5.0/stm32cubeide/plugins/com.st.stm32cube.ide.mcu.externaltools.gnu-tools-for-stm32.7-2018-q2-update.win32_1.5.0.202011040924/tools/bin/../lib/gcc/arm-none-eabi/7.3.1/thumb/v6-m\libgcc.a(floatsisf.o)
 .ARM.attributes
                0x00000000000004f6       0x2c g:/st/stm32cubeide_1.5.0/stm32cubeide/plugins/com.st.stm32cube.ide.mcu.externaltools.gnu-tools-for-stm32.7-2018-q2-update.win32_1.5.0.202011040924/tools/bin/../lib/gcc/arm-none-eabi/7.3.1/thumb/v6-m\libgcc.a(eqdf2.o)
 .ARM.attributes
                0x0000000000000522       0x2c g:/st/stm32cubeide_1.5.0/stm32cubeide/plugins/com.st.stm32cube.ide.mcu.externaltools.gnu-tools-for-stm32.7-2018-q2-update.win32_1.5.0.202011040924/tools/bin/../lib/gcc/arm-none-eabi/7.3.1/thumb/v6-m\libgcc.a(gedf2.o)
 .ARM.attributes
                0x000000000000054e       0x2c g:/st/stm32cubeide_1.5.0/stm32cubeide/plugins/com.st.stm32cube.ide.mcu.externaltools.gnu-tools-for-stm32.7-2018-q2-update.win32_1.5.0.202011040924/tools/bin/../lib/gcc/arm-none-eabi/7.3.1/thumb/v6-m\libgcc.a(ledf2.o)
 .ARM.attributes
                0x000000000000057a       0x2c g:/st/stm32cubeide_1.5.0/stm32cubeide/plugins/com.st.stm32cube.ide.mcu.externaltools.gnu-tools-for-stm32.7-2018-q2-update.win32_1.5.0.202011040924/tools/bin/../lib/gcc/arm-none-eabi/7.3.1/thumb/v6-m\libgcc.a(extendsfdf2.o)
 .ARM.attributes
                0x00000000000005a6       0x1e g:/st/stm32cubeide_1.5.0/stm32cubeide/plugins/com.st.stm32cube.ide.mcu.externaltools.gnu-tools-for-stm32.7-2018-q2-update.win32_1.5.0.202011040924/tools/bin/../lib/gcc/arm-none-eabi/7.3.1/thumb/v6-m\libgcc.a(_clzsi2.o)
 .ARM.attributes
                0x00000000000005c4       0x1e g:/st/stm32cubeide_1.5.0/stm32cubeide/plugins/com.st.stm32cube.ide.mcu.externaltools.gnu-tools-for-stm32.7-2018-q2-update.win32_1.5.0.202011040924/tools/bin/../lib/gcc/arm-none-eabi/7.3.1/thumb/v6-m/crtn.o
OUTPUT(generator10kwf0.elf elf32-littlearm)

.debug_info     0x0000000000000000     0x6864
 .debug_info    0x0000000000000000      0x83c Core/Src/adc.o
 .debug_info    0x000000000000083c      0x556 Core/Src/dma.o
 .debug_info    0x0000000000000d92      0x568 Core/Src/gpio.o
 .debug_info    0x00000000000012fa      0xdc3 Core/Src/main.o
 .debug_info    0x00000000000020bd      0x4d6 Core/Src/stm32f0xx_it.o
 .debug_info    0x0000000000002593      0x242 Core/Src/system_stm32f0xx.o
 .debug_info    0x00000000000027d5      0x7b3 Core/Src/tim.o
 .debug_info    0x0000000000002f88      0x84f Core/Src/usart.o
 .debug_info    0x00000000000037d7       0x22 Core/Startup/startup_stm32f030c8tx.o
 .debug_info    0x00000000000037f9      0x62a Drivers/STM32F0xx_HAL_Driver/Src/stm32f0xx_ll_adc.o
 .debug_info    0x0000000000003e23      0x37b Drivers/STM32F0xx_HAL_Driver/Src/stm32f0xx_ll_exti.o
 .debug_info    0x000000000000419e      0x576 Drivers/STM32F0xx_HAL_Driver/Src/stm32f0xx_ll_gpio.o
 .debug_info    0x0000000000004714      0x551 Drivers/STM32F0xx_HAL_Driver/Src/stm32f0xx_ll_rcc.o
 .debug_info    0x0000000000004c65      0xe08 Drivers/STM32F0xx_HAL_Driver/Src/stm32f0xx_ll_tim.o
 .debug_info    0x0000000000005a6d      0x69a Drivers/STM32F0xx_HAL_Driver/Src/stm32f0xx_ll_usart.o
 .debug_info    0x0000000000006107      0x75d Drivers/STM32F0xx_HAL_Driver/Src/stm32f0xx_ll_utils.o

.debug_abbrev   0x0000000000000000     0x1942
 .debug_abbrev  0x0000000000000000      0x173 Core/Src/adc.o
 .debug_abbrev  0x0000000000000173      0x17c Core/Src/dma.o
 .debug_abbrev  0x00000000000002ef      0x175 Core/Src/gpio.o
 .debug_abbrev  0x0000000000000464      0x28c Core/Src/main.o
 .debug_abbrev  0x00000000000006f0      0x1a2 Core/Src/stm32f0xx_it.o
 .debug_abbrev  0x0000000000000892      0x100 Core/Src/system_stm32f0xx.o
 .debug_abbrev  0x0000000000000992      0x18b Core/Src/tim.o
 .debug_abbrev  0x0000000000000b1d      0x1c1 Core/Src/usart.o
 .debug_abbrev  0x0000000000000cde       0x12 Core/Startup/startup_stm32f030c8tx.o
 .debug_abbrev  0x0000000000000cf0      0x1c7 Drivers/STM32F0xx_HAL_Driver/Src/stm32f0xx_ll_adc.o
 .debug_abbrev  0x0000000000000eb7      0x164 Drivers/STM32F0xx_HAL_Driver/Src/stm32f0xx_ll_exti.o
 .debug_abbrev  0x000000000000101b      0x191 Drivers/STM32F0xx_HAL_Driver/Src/stm32f0xx_ll_gpio.o
 .debug_abbrev  0x00000000000011ac      0x1d0 Drivers/STM32F0xx_HAL_Driver/Src/stm32f0xx_ll_rcc.o
 .debug_abbrev  0x000000000000137c      0x1ee Drivers/STM32F0xx_HAL_Driver/Src/stm32f0xx_ll_tim.o
 .debug_abbrev  0x000000000000156a      0x1b8 Drivers/STM32F0xx_HAL_Driver/Src/stm32f0xx_ll_usart.o
 .debug_abbrev  0x0000000000001722      0x220 Drivers/STM32F0xx_HAL_Driver/Src/stm32f0xx_ll_utils.o

.debug_aranges  0x0000000000000000      0x8b8
 .debug_aranges
                0x0000000000000000       0x80 Core/Src/adc.o
 .debug_aranges
                0x0000000000000080       0x38 Core/Src/dma.o
 .debug_aranges
                0x00000000000000b8       0x48 Core/Src/gpio.o
 .debug_aranges
                0x0000000000000100      0x150 Core/Src/main.o
 .debug_aranges
                0x0000000000000250       0x78 Core/Src/stm32f0xx_it.o
 .debug_aranges
                0x00000000000002c8       0x28 Core/Src/system_stm32f0xx.o
 .debug_aranges
                0x00000000000002f0       0x58 Core/Src/tim.o
 .debug_aranges
                0x0000000000000348       0x58 Core/Src/usart.o
 .debug_aranges
                0x00000000000003a0       0x28 Core/Startup/startup_stm32f030c8tx.o
 .debug_aranges
                0x00000000000003c8       0x90 Drivers/STM32F0xx_HAL_Driver/Src/stm32f0xx_ll_adc.o
 .debug_aranges
                0x0000000000000458       0x70 Drivers/STM32F0xx_HAL_Driver/Src/stm32f0xx_ll_exti.o
 .debug_aranges
                0x00000000000004c8       0x70 Drivers/STM32F0xx_HAL_Driver/Src/stm32f0xx_ll_gpio.o
 .debug_aranges
                0x0000000000000538       0xe8 Drivers/STM32F0xx_HAL_Driver/Src/stm32f0xx_ll_rcc.o
 .debug_aranges
                0x0000000000000620      0x128 Drivers/STM32F0xx_HAL_Driver/Src/stm32f0xx_ll_tim.o
 .debug_aranges
                0x0000000000000748       0x88 Drivers/STM32F0xx_HAL_Driver/Src/stm32f0xx_ll_usart.o
 .debug_aranges
                0x00000000000007d0       0xe8 Drivers/STM32F0xx_HAL_Driver/Src/stm32f0xx_ll_utils.o

.debug_ranges   0x0000000000000000      0x7c0
 .debug_ranges  0x0000000000000000       0x70 Core/Src/adc.o
 .debug_ranges  0x0000000000000070       0x28 Core/Src/dma.o
 .debug_ranges  0x0000000000000098       0x38 Core/Src/gpio.o
 .debug_ranges  0x00000000000000d0      0x140 Core/Src/main.o
 .debug_ranges  0x0000000000000210       0x68 Core/Src/stm32f0xx_it.o
 .debug_ranges  0x0000000000000278       0x18 Core/Src/system_stm32f0xx.o
 .debug_ranges  0x0000000000000290       0x48 Core/Src/tim.o
 .debug_ranges  0x00000000000002d8       0x48 Core/Src/usart.o
 .debug_ranges  0x0000000000000320       0x20 Core/Startup/startup_stm32f030c8tx.o
 .debug_ranges  0x0000000000000340       0x80 Drivers/STM32F0xx_HAL_Driver/Src/stm32f0xx_ll_adc.o
 .debug_ranges  0x00000000000003c0       0x60 Drivers/STM32F0xx_HAL_Driver/Src/stm32f0xx_ll_exti.o
 .debug_ranges  0x0000000000000420       0x60 Drivers/STM32F0xx_HAL_Driver/Src/stm32f0xx_ll_gpio.o
 .debug_ranges  0x0000000000000480       0xd8 Drivers/STM32F0xx_HAL_Driver/Src/stm32f0xx_ll_rcc.o
 .debug_ranges  0x0000000000000558      0x118 Drivers/STM32F0xx_HAL_Driver/Src/stm32f0xx_ll_tim.o
 .debug_ranges  0x0000000000000670       0x78 Drivers/STM32F0xx_HAL_Driver/Src/stm32f0xx_ll_usart.o
 .debug_ranges  0x00000000000006e8       0xd8 Drivers/STM32F0xx_HAL_Driver/Src/stm32f0xx_ll_utils.o

.debug_macro    0x0000000000000000     0xbd36
 .debug_macro   0x0000000000000000      0x14f Core/Src/adc.o
 .debug_macro   0x000000000000014f      0xa84 Core/Src/adc.o
 .debug_macro   0x0000000000000bd3       0x2e Core/Src/adc.o
 .debug_macro   0x0000000000000c01       0x22 Core/Src/adc.o
 .debug_macro   0x0000000000000c23       0x22 Core/Src/adc.o
 .debug_macro   0x0000000000000c45       0x8e Core/Src/adc.o
 .debug_macro   0x0000000000000cd3       0x51 Core/Src/adc.o
 .debug_macro   0x0000000000000d24       0xef Core/Src/adc.o
 .debug_macro   0x0000000000000e13       0x6a Core/Src/adc.o
 .debug_macro   0x0000000000000e7d      0x1df Core/Src/adc.o
 .debug_macro   0x000000000000105c       0x1c Core/Src/adc.o
 .debug_macro   0x0000000000001078       0x22 Core/Src/adc.o
 .debug_macro   0x000000000000109a       0xb5 Core/Src/adc.o
 .debug_macro   0x000000000000114f      0x391 Core/Src/adc.o
 .debug_macro   0x00000000000014e0     0x6f39 Core/Src/adc.o
 .debug_macro   0x0000000000008419       0x3c Core/Src/adc.o
 .debug_macro   0x0000000000008455      0x5a7 Core/Src/adc.o
 .debug_macro   0x00000000000089fc      0x215 Core/Src/adc.o
 .debug_macro   0x0000000000008c11      0x3d4 Core/Src/adc.o
 .debug_macro   0x0000000000008fe5       0xcb Core/Src/adc.o
 .debug_macro   0x00000000000090b0      0x176 Core/Src/adc.o
 .debug_macro   0x0000000000009226       0xd0 Core/Src/adc.o
 .debug_macro   0x00000000000092f6       0x16 Core/Src/adc.o
 .debug_macro   0x000000000000930c       0x2a Core/Src/adc.o
 .debug_macro   0x0000000000009336       0x68 Core/Src/adc.o
 .debug_macro   0x000000000000939e      0x5bd Core/Src/adc.o
 .debug_macro   0x000000000000995b      0x264 Core/Src/adc.o
 .debug_macro   0x0000000000009bbf      0x11f Core/Src/adc.o
 .debug_macro   0x0000000000009cde      0x146 Core/Src/adc.o
 .debug_macro   0x0000000000009e24      0x14f Core/Src/dma.o
 .debug_macro   0x0000000000009f73      0x14f Core/Src/gpio.o
 .debug_macro   0x000000000000a0c2      0x18a Core/Src/main.o
 .debug_macro   0x000000000000a24c      0x100 Core/Src/main.o
 .debug_macro   0x000000000000a34c      0x14f Core/Src/stm32f0xx_it.o
 .debug_macro   0x000000000000a49b       0xc0 Core/Src/system_stm32f0xx.o
 .debug_macro   0x000000000000a55b      0x14f Core/Src/tim.o
 .debug_macro   0x000000000000a6aa      0x14f Core/Src/usart.o
 .debug_macro   0x000000000000a7f9      0x122 Drivers/STM32F0xx_HAL_Driver/Src/stm32f0xx_ll_adc.o
 .debug_macro   0x000000000000a91b       0xe1 Drivers/STM32F0xx_HAL_Driver/Src/stm32f0xx_ll_exti.o
 .debug_macro   0x000000000000a9fc       0xca Drivers/STM32F0xx_HAL_Driver/Src/stm32f0xx_ll_exti.o
 .debug_macro   0x000000000000aac6       0xfc Drivers/STM32F0xx_HAL_Driver/Src/stm32f0xx_ll_gpio.o
 .debug_macro   0x000000000000abc2      0x119 Drivers/STM32F0xx_HAL_Driver/Src/stm32f0xx_ll_gpio.o
 .debug_macro   0x000000000000acdb       0xdb Drivers/STM32F0xx_HAL_Driver/Src/stm32f0xx_ll_rcc.o
 .debug_macro   0x000000000000adb6      0x3ce Drivers/STM32F0xx_HAL_Driver/Src/stm32f0xx_ll_rcc.o
 .debug_macro   0x000000000000b184      0x145 Drivers/STM32F0xx_HAL_Driver/Src/stm32f0xx_ll_tim.o
 .debug_macro   0x000000000000b2c9      0x5b7 Drivers/STM32F0xx_HAL_Driver/Src/stm32f0xx_ll_tim.o
 .debug_macro   0x000000000000b880      0x12f Drivers/STM32F0xx_HAL_Driver/Src/stm32f0xx_ll_usart.o
 .debug_macro   0x000000000000b9af      0x25e Drivers/STM32F0xx_HAL_Driver/Src/stm32f0xx_ll_usart.o
 .debug_macro   0x000000000000bc0d      0x129 Drivers/STM32F0xx_HAL_Driver/Src/stm32f0xx_ll_utils.o

.debug_line     0x0000000000000000     0x647c
 .debug_line    0x0000000000000000      0x6cd Core/Src/adc.o
 .debug_line    0x00000000000006cd      0x5f7 Core/Src/dma.o
 .debug_line    0x0000000000000cc4      0x6a1 Core/Src/gpio.o
 .debug_line    0x0000000000001365      0xa6f Core/Src/main.o
 .debug_line    0x0000000000001dd4      0x6c1 Core/Src/stm32f0xx_it.o
 .debug_line    0x0000000000002495      0x476 Core/Src/system_stm32f0xx.o
 .debug_line    0x000000000000290b      0x651 Core/Src/tim.o
 .debug_line    0x0000000000002f5c      0x66c Core/Src/usart.o
 .debug_line    0x00000000000035c8       0x89 Core/Startup/startup_stm32f030c8tx.o
 .debug_line    0x0000000000003651      0x60c Drivers/STM32F0xx_HAL_Driver/Src/stm32f0xx_ll_adc.o
 .debug_line    0x0000000000003c5d      0x58c Drivers/STM32F0xx_HAL_Driver/Src/stm32f0xx_ll_exti.o
 .debug_line    0x00000000000041e9      0x5b2 Drivers/STM32F0xx_HAL_Driver/Src/stm32f0xx_ll_gpio.o
 .debug_line    0x000000000000479b      0x6da Drivers/STM32F0xx_HAL_Driver/Src/stm32f0xx_ll_rcc.o
 .debug_line    0x0000000000004e75      0x8bc Drivers/STM32F0xx_HAL_Driver/Src/stm32f0xx_ll_tim.o
 .debug_line    0x0000000000005731      0x61e Drivers/STM32F0xx_HAL_Driver/Src/stm32f0xx_ll_usart.o
 .debug_line    0x0000000000005d4f      0x72d Drivers/STM32F0xx_HAL_Driver/Src/stm32f0xx_ll_utils.o

.debug_str      0x0000000000000000    0x3dd94
 .debug_str     0x0000000000000000    0x38e07 Core/Src/adc.o
                                      0x38ff1 (size before relaxing)
 .debug_str     0x0000000000038e07      0x1be Core/Src/dma.o
                                      0x38ec7 (size before relaxing)
 .debug_str     0x0000000000038fc5      0x10f Core/Src/gpio.o
                                      0x38df0 (size before relaxing)
 .debug_str     0x00000000000390d4      0xcdc Core/Src/main.o
                                      0x39a95 (size before relaxing)
 .debug_str     0x0000000000039db0      0x105 Core/Src/stm32f0xx_it.o
                                      0x38daf (size before relaxing)
 .debug_str     0x0000000000039eb5       0x80 Core/Src/system_stm32f0xx.o
                                      0x2c343 (size before relaxing)
 .debug_str     0x0000000000039f35       0xe0 Core/Src/tim.o
                                      0x3900f (size before relaxing)
 .debug_str     0x000000000003a015       0xe8 Core/Src/usart.o
                                      0x39056 (size before relaxing)
 .debug_str     0x000000000003a0fd       0x36 Core/Startup/startup_stm32f030c8tx.o
                                         0x6c (size before relaxing)
 .debug_str     0x000000000003a133      0xa5d Drivers/STM32F0xx_HAL_Driver/Src/stm32f0xx_ll_adc.o
                                      0x3120d (size before relaxing)
 .debug_str     0x000000000003ab90      0x320 Drivers/STM32F0xx_HAL_Driver/Src/stm32f0xx_ll_exti.o
                                      0x2ca61 (size before relaxing)
 .debug_str     0x000000000003aeb0      0x4ea Drivers/STM32F0xx_HAL_Driver/Src/stm32f0xx_ll_gpio.o
                                      0x2d4e6 (size before relaxing)
 .debug_str     0x000000000003b39a      0x331 Drivers/STM32F0xx_HAL_Driver/Src/stm32f0xx_ll_rcc.o
                                      0x2e164 (size before relaxing)
 .debug_str     0x000000000003b6cb     0x12fa Drivers/STM32F0xx_HAL_Driver/Src/stm32f0xx_ll_tim.o
                                      0x30bea (size before relaxing)
 .debug_str     0x000000000003c9c5      0x7cb Drivers/STM32F0xx_HAL_Driver/Src/stm32f0xx_ll_usart.o
                                      0x2f9a9 (size before relaxing)
 .debug_str     0x000000000003d190      0xc04 Drivers/STM32F0xx_HAL_Driver/Src/stm32f0xx_ll_utils.o
                                      0x2f798 (size before relaxing)

.comment        0x0000000000000000       0x7b
 .comment       0x0000000000000000       0x7b Core/Src/adc.o
                                         0x7c (size before relaxing)
 .comment       0x000000000000007b       0x7c Core/Src/dma.o
 .comment       0x000000000000007b       0x7c Core/Src/gpio.o
 .comment       0x000000000000007b       0x7c Core/Src/main.o
 .comment       0x000000000000007b       0x7c Core/Src/stm32f0xx_it.o
 .comment       0x000000000000007b       0x7c Core/Src/system_stm32f0xx.o
 .comment       0x000000000000007b       0x7c Core/Src/tim.o
 .comment       0x000000000000007b       0x7c Core/Src/usart.o
 .comment       0x000000000000007b       0x7c Drivers/STM32F0xx_HAL_Driver/Src/stm32f0xx_ll_adc.o
 .comment       0x000000000000007b       0x7c Drivers/STM32F0xx_HAL_Driver/Src/stm32f0xx_ll_exti.o
 .comment       0x000000000000007b       0x7c Drivers/STM32F0xx_HAL_Driver/Src/stm32f0xx_ll_gpio.o
 .comment       0x000000000000007b       0x7c Drivers/STM32F0xx_HAL_Driver/Src/stm32f0xx_ll_rcc.o
 .comment       0x000000000000007b       0x7c Drivers/STM32F0xx_HAL_Driver/Src/stm32f0xx_ll_tim.o
 .comment       0x000000000000007b       0x7c Drivers/STM32F0xx_HAL_Driver/Src/stm32f0xx_ll_usart.o
 .comment       0x000000000000007b       0x7c Drivers/STM32F0xx_HAL_Driver/Src/stm32f0xx_ll_utils.o

.debug_frame    0x0000000000000000     0x1f04
 .debug_frame   0x0000000000000000      0x1b4 Core/Src/adc.o
 .debug_frame   0x00000000000001b4       0x8c Core/Src/dma.o
 .debug_frame   0x0000000000000240       0xd0 Core/Src/gpio.o
 .debug_frame   0x0000000000000310      0x4c4 Core/Src/main.o
 .debug_frame   0x00000000000007d4      0x170 Core/Src/stm32f0xx_it.o
 .debug_frame   0x0000000000000944       0x4c Core/Src/system_stm32f0xx.o
 .debug_frame   0x0000000000000990      0x110 Core/Src/tim.o
 .debug_frame   0x0000000000000aa0      0x110 Core/Src/usart.o
 .debug_frame   0x0000000000000bb0      0x1f0 Drivers/STM32F0xx_HAL_Driver/Src/stm32f0xx_ll_adc.o
 .debug_frame   0x0000000000000da0      0x16c Drivers/STM32F0xx_HAL_Driver/Src/stm32f0xx_ll_exti.o
 .debug_frame   0x0000000000000f0c      0x170 Drivers/STM32F0xx_HAL_Driver/Src/stm32f0xx_ll_gpio.o
 .debug_frame   0x000000000000107c      0x318 Drivers/STM32F0xx_HAL_Driver/Src/stm32f0xx_ll_rcc.o
 .debug_frame   0x0000000000001394      0x450 Drivers/STM32F0xx_HAL_Driver/Src/stm32f0xx_ll_tim.o
 .debug_frame   0x00000000000017e4      0x1d0 Drivers/STM32F0xx_HAL_Driver/Src/stm32f0xx_ll_usart.o
 .debug_frame   0x00000000000019b4      0x324 Drivers/STM32F0xx_HAL_Driver/Src/stm32f0xx_ll_utils.o
 .debug_frame   0x0000000000001cd8       0x2c g:/st/stm32cubeide_1.5.0/stm32cubeide/plugins/com.st.stm32cube.ide.mcu.externaltools.gnu-tools-for-stm32.7-2018-q2-update.win32_1.5.0.202011040924/tools/bin/../lib/gcc/arm-none-eabi/7.3.1/../../../../arm-none-eabi/lib/thumb/v6-m\libc_nano.a(lib_a-init.o)
 .debug_frame   0x0000000000001d04       0x20 g:/st/stm32cubeide_1.5.0/stm32cubeide/plugins/com.st.stm32cube.ide.mcu.externaltools.gnu-tools-for-stm32.7-2018-q2-update.win32_1.5.0.202011040924/tools/bin/../lib/gcc/arm-none-eabi/7.3.1/../../../../arm-none-eabi/lib/thumb/v6-m\libc_nano.a(lib_a-memset.o)
 .debug_frame   0x0000000000001d24       0x20 g:/st/stm32cubeide_1.5.0/stm32cubeide/plugins/com.st.stm32cube.ide.mcu.externaltools.gnu-tools-for-stm32.7-2018-q2-update.win32_1.5.0.202011040924/tools/bin/../lib/gcc/arm-none-eabi/7.3.1/thumb/v6-m\libgcc.a(_udivsi3.o)
 .debug_frame   0x0000000000001d44       0x2c g:/st/stm32cubeide_1.5.0/stm32cubeide/plugins/com.st.stm32cube.ide.mcu.externaltools.gnu-tools-for-stm32.7-2018-q2-update.win32_1.5.0.202011040924/tools/bin/../lib/gcc/arm-none-eabi/7.3.1/thumb/v6-m\libgcc.a(eqsf2.o)
 .debug_frame   0x0000000000001d70       0x2c g:/st/stm32cubeide_1.5.0/stm32cubeide/plugins/com.st.stm32cube.ide.mcu.externaltools.gnu-tools-for-stm32.7-2018-q2-update.win32_1.5.0.202011040924/tools/bin/../lib/gcc/arm-none-eabi/7.3.1/thumb/v6-m\libgcc.a(gesf2.o)
 .debug_frame   0x0000000000001d9c       0x2c g:/st/stm32cubeide_1.5.0/stm32cubeide/plugins/com.st.stm32cube.ide.mcu.externaltools.gnu-tools-for-stm32.7-2018-q2-update.win32_1.5.0.202011040924/tools/bin/../lib/gcc/arm-none-eabi/7.3.1/thumb/v6-m\libgcc.a(lesf2.o)
 .debug_frame   0x0000000000001dc8       0x3c g:/st/stm32cubeide_1.5.0/stm32cubeide/plugins/com.st.stm32cube.ide.mcu.externaltools.gnu-tools-for-stm32.7-2018-q2-update.win32_1.5.0.202011040924/tools/bin/../lib/gcc/arm-none-eabi/7.3.1/thumb/v6-m\libgcc.a(mulsf3.o)
 .debug_frame   0x0000000000001e04       0x2c g:/st/stm32cubeide_1.5.0/stm32cubeide/plugins/com.st.stm32cube.ide.mcu.externaltools.gnu-tools-for-stm32.7-2018-q2-update.win32_1.5.0.202011040924/tools/bin/../lib/gcc/arm-none-eabi/7.3.1/thumb/v6-m\libgcc.a(floatsisf.o)
 .debug_frame   0x0000000000001e30       0x38 g:/st/stm32cubeide_1.5.0/stm32cubeide/plugins/com.st.stm32cube.ide.mcu.externaltools.gnu-tools-for-stm32.7-2018-q2-update.win32_1.5.0.202011040924/tools/bin/../lib/gcc/arm-none-eabi/7.3.1/thumb/v6-m\libgcc.a(eqdf2.o)
 .debug_frame   0x0000000000001e68       0x38 g:/st/stm32cubeide_1.5.0/stm32cubeide/plugins/com.st.stm32cube.ide.mcu.externaltools.gnu-tools-for-stm32.7-2018-q2-update.win32_1.5.0.202011040924/tools/bin/../lib/gcc/arm-none-eabi/7.3.1/thumb/v6-m\libgcc.a(gedf2.o)
 .debug_frame   0x0000000000001ea0       0x38 g:/st/stm32cubeide_1.5.0/stm32cubeide/plugins/com.st.stm32cube.ide.mcu.externaltools.gnu-tools-for-stm32.7-2018-q2-update.win32_1.5.0.202011040924/tools/bin/../lib/gcc/arm-none-eabi/7.3.1/thumb/v6-m\libgcc.a(ledf2.o)
 .debug_frame   0x0000000000001ed8       0x2c g:/st/stm32cubeide_1.5.0/stm32cubeide/plugins/com.st.stm32cube.ide.mcu.externaltools.gnu-tools-for-stm32.7-2018-q2-update.win32_1.5.0.202011040924/tools/bin/../lib/gcc/arm-none-eabi/7.3.1/thumb/v6-m\libgcc.a(extendsfdf2.o)
